Archive member included because of file (symbol)

/home/eric/cmpt433/AM335X_StarterWare_02_00_01_01//binary/armv7a/gcc/am335x/drivers/Debug/libdrivers.a(dmtimer.o)
                              Debug/timer.o (DMTimerEnable)
/home/eric/cmpt433/AM335X_StarterWare_02_00_01_01//binary/armv7a/gcc/am335x/drivers/Debug/libdrivers.a(uart_irda_cir.o)
                              Debug/serial.o (UARTOperatingModeSelect)
/home/eric/cmpt433/AM335X_StarterWare_02_00_01_01//binary/armv7a/gcc/am335x/drivers/Debug/libdrivers.a(watchdog.o)
                              Debug/wdtimer.o (WatchdogTimerEnable)
/home/eric/cmpt433/AM335X_StarterWare_02_00_01_01//binary/armv7a/gcc/utils/Debug/libutils.a(consoleUtils.o)
                              Debug/serial.o (ConsoleUtilsSetType)
/home/eric/cmpt433/AM335X_StarterWare_02_00_01_01//binary/armv7a/gcc/utils/Debug/libutils.a(uartStdio.o)
                              /home/eric/cmpt433/AM335X_StarterWare_02_00_01_01//binary/armv7a/gcc/utils/Debug/libutils.a(consoleUtils.o) (UARTStdioInit)
/home/eric/cmpt433/AM335X_StarterWare_02_00_01_01//binary/armv7a/gcc/utils/Debug/libutils.a(ascii.o)
                              /home/eric/cmpt433/AM335X_StarterWare_02_00_01_01//binary/armv7a/gcc/utils/Debug/libutils.a(uartStdio.o) (ASCIIToDigit)
/home/eric/cmpt433/AM335X_StarterWare_02_00_01_01//binary/armv7a/gcc/am335x/beaglebone/platform/Debug/libplatform.a(dmtimer.o)
                              Debug/timer.o (DMTimer2ModuleClkConfig)
/home/eric/cmpt433/AM335X_StarterWare_02_00_01_01//binary/armv7a/gcc/am335x/beaglebone/platform/Debug/libplatform.a(uart.o)
                              Debug/serial.o (UARTPinMuxSetup)
/home/eric/cmpt433/AM335X_StarterWare_02_00_01_01//binary/armv7a/gcc/am335x/beaglebone/platform/Debug/libplatform.a(uartConsole.o)
                              /home/eric/cmpt433/AM335X_StarterWare_02_00_01_01//binary/armv7a/gcc/utils/Debug/libutils.a(uartStdio.o) (UARTConsoleInit)
/home/eric/cmpt433/AM335X_StarterWare_02_00_01_01//binary/armv7a/gcc/am335x/beaglebone/platform/Debug/libplatform.a(watchdog.o)
                              Debug/wdtimer.o (WatchdogTimer1ModuleClkConfig)
/home/eric/cmpt433/AM335X_StarterWare_02_00_01_01//binary/armv7a/gcc/am335x/system_config/Debug/libsystem_config.a(init.o)
                              (Entry)
/home/eric/cmpt433/AM335X_StarterWare_02_00_01_01//binary/armv7a/gcc/am335x/system_config/Debug/libsystem_config.a(interrupt.o)
                              Debug/serial.o (IntRegister)
/home/eric/cmpt433/AM335X_StarterWare_02_00_01_01//binary/armv7a/gcc/am335x/system_config/Debug/libsystem_config.a(startup.o)
                              /home/eric/cmpt433/AM335X_StarterWare_02_00_01_01//binary/armv7a/gcc/am335x/system_config/Debug/libsystem_config.a(init.o) (start_boot)
/home/eric/cmpt433/AM335X_StarterWare_02_00_01_01//binary/armv7a/gcc/am335x/system_config/Debug/libsystem_config.a(cp15.o)
                              /home/eric/cmpt433/AM335X_StarterWare_02_00_01_01//binary/armv7a/gcc/am335x/system_config/Debug/libsystem_config.a(startup.o) (CP15VectorBaseAddrSet)
/home/eric/cmpt433/AM335X_StarterWare_02_00_01_01//binary/armv7a/gcc/am335x/system_config/Debug/libsystem_config.a(cpu.o)
                              /home/eric/cmpt433/AM335X_StarterWare_02_00_01_01//binary/armv7a/gcc/am335x/system_config/Debug/libsystem_config.a(interrupt.o) (CPUIntStatus)
/home/eric/cmpt433/AM335X_StarterWare_02_00_01_01//binary/armv7a/gcc/am335x/system_config/Debug/libsystem_config.a(exceptionhandler.o)
                              /home/eric/cmpt433/AM335X_StarterWare_02_00_01_01//binary/armv7a/gcc/am335x/system_config/Debug/libsystem_config.a(startup.o) (IRQHandler)
/home/eric/cmpt433/linaro-gcc/gcc-arm-none-eabi-4_7-2012q4/lib/gcc/arm-none-eabi/4.7.3//libgcc.a(_udivsi3.o)
                              (__aeabi_uidiv)
/home/eric/cmpt433/linaro-gcc/gcc-arm-none-eabi-4_7-2012q4/lib/gcc/arm-none-eabi/4.7.3//libgcc.a(_divsi3.o)
                              (__aeabi_idiv)
/home/eric/cmpt433/linaro-gcc/gcc-arm-none-eabi-4_7-2012q4/lib/gcc/arm-none-eabi/4.7.3//libgcc.a(_dvmd_tls.o)
                              /home/eric/cmpt433/linaro-gcc/gcc-arm-none-eabi-4_7-2012q4/lib/gcc/arm-none-eabi/4.7.3//libgcc.a(_udivsi3.o) (__aeabi_idiv0)

Allocating common symbols
Common symbol       size              file

fnRAMVectors        0x200             /home/eric/cmpt433/AM335X_StarterWare_02_00_01_01//binary/armv7a/gcc/am335x/system_config/Debug/libsystem_config.a(interrupt.o)

Discarded input sections

 .text          0x00000000        0x0 Debug/fakeTyper.o
 .data          0x00000000        0x0 Debug/fakeTyper.o
 .bss           0x00000000        0x0 Debug/fakeTyper.o
 .text          0x00000000        0x0 Debug/main.o
 .data          0x00000000        0x0 Debug/main.o
 .bss           0x00000000        0x0 Debug/main.o
 .text          0x00000000        0x0 Debug/serial.o
 .data          0x00000000        0x0 Debug/serial.o
 .bss           0x00000000        0x0 Debug/serial.o
 .text          0x00000000        0x0 Debug/timer.o
 .data          0x00000000        0x0 Debug/timer.o
 .bss           0x00000000        0x0 Debug/timer.o
 .text          0x00000000        0x0 Debug/wdtimer.o
 .data          0x00000000        0x0 Debug/wdtimer.o
 .bss           0x00000000        0x0 Debug/wdtimer.o
 .text          0x00000000        0x0 /home/eric/cmpt433/AM335X_StarterWare_02_00_01_01//binary/armv7a/gcc/am335x/drivers/Debug/libdrivers.a(dmtimer.o)
 .data          0x00000000        0x0 /home/eric/cmpt433/AM335X_StarterWare_02_00_01_01//binary/armv7a/gcc/am335x/drivers/Debug/libdrivers.a(dmtimer.o)
 .bss           0x00000000        0x0 /home/eric/cmpt433/AM335X_StarterWare_02_00_01_01//binary/armv7a/gcc/am335x/drivers/Debug/libdrivers.a(dmtimer.o)
 .text.DMTimerDisable
                0x00000000       0x6c /home/eric/cmpt433/AM335X_StarterWare_02_00_01_01//binary/armv7a/gcc/am335x/drivers/Debug/libdrivers.a(dmtimer.o)
 .text.DMTimerPreScalerClkEnable
                0x00000000       0xcc /home/eric/cmpt433/AM335X_StarterWare_02_00_01_01//binary/armv7a/gcc/am335x/drivers/Debug/libdrivers.a(dmtimer.o)
 .text.DMTimerCounterGet
                0x00000000       0x60 /home/eric/cmpt433/AM335X_StarterWare_02_00_01_01//binary/armv7a/gcc/am335x/drivers/Debug/libdrivers.a(dmtimer.o)
 .text.DMTimerReloadGet
                0x00000000       0x2c /home/eric/cmpt433/AM335X_StarterWare_02_00_01_01//binary/armv7a/gcc/am335x/drivers/Debug/libdrivers.a(dmtimer.o)
 .text.DMTimerGPOConfigure
                0x00000000       0xcc /home/eric/cmpt433/AM335X_StarterWare_02_00_01_01//binary/armv7a/gcc/am335x/drivers/Debug/libdrivers.a(dmtimer.o)
 .text.DMTimerCompareSet
                0x00000000       0x64 /home/eric/cmpt433/AM335X_StarterWare_02_00_01_01//binary/armv7a/gcc/am335x/drivers/Debug/libdrivers.a(dmtimer.o)
 .text.DMTimerCompareGet
                0x00000000       0x2c /home/eric/cmpt433/AM335X_StarterWare_02_00_01_01//binary/armv7a/gcc/am335x/drivers/Debug/libdrivers.a(dmtimer.o)
 .text.DMTimerIntRawStatusSet
                0x00000000       0x34 /home/eric/cmpt433/AM335X_StarterWare_02_00_01_01//binary/armv7a/gcc/am335x/drivers/Debug/libdrivers.a(dmtimer.o)
 .text.DMTimerIntRawStatusGet
                0x00000000       0x2c /home/eric/cmpt433/AM335X_StarterWare_02_00_01_01//binary/armv7a/gcc/am335x/drivers/Debug/libdrivers.a(dmtimer.o)
 .text.DMTimerIntStatusGet
                0x00000000       0x2c /home/eric/cmpt433/AM335X_StarterWare_02_00_01_01//binary/armv7a/gcc/am335x/drivers/Debug/libdrivers.a(dmtimer.o)
 .text.DMTimerTriggerSet
                0x00000000       0x60 /home/eric/cmpt433/AM335X_StarterWare_02_00_01_01//binary/armv7a/gcc/am335x/drivers/Debug/libdrivers.a(dmtimer.o)
 .text.DMTimerIntEnableGet
                0x00000000       0x2c /home/eric/cmpt433/AM335X_StarterWare_02_00_01_01//binary/armv7a/gcc/am335x/drivers/Debug/libdrivers.a(dmtimer.o)
 .text.DMTimerResetConfigure
                0x00000000       0x60 /home/eric/cmpt433/AM335X_StarterWare_02_00_01_01//binary/armv7a/gcc/am335x/drivers/Debug/libdrivers.a(dmtimer.o)
 .text.DMTimerReset
                0x00000000       0x54 /home/eric/cmpt433/AM335X_StarterWare_02_00_01_01//binary/armv7a/gcc/am335x/drivers/Debug/libdrivers.a(dmtimer.o)
 .text.DMTimerContextSave
                0x00000000       0xb8 /home/eric/cmpt433/AM335X_StarterWare_02_00_01_01//binary/armv7a/gcc/am335x/drivers/Debug/libdrivers.a(dmtimer.o)
 .text.DMTimerContextRestore
                0x00000000      0x160 /home/eric/cmpt433/AM335X_StarterWare_02_00_01_01//binary/armv7a/gcc/am335x/drivers/Debug/libdrivers.a(dmtimer.o)
 .text.DMTimerPostedModeConfig
                0x00000000       0x60 /home/eric/cmpt433/AM335X_StarterWare_02_00_01_01//binary/armv7a/gcc/am335x/drivers/Debug/libdrivers.a(dmtimer.o)
 .text          0x00000000        0x0 /home/eric/cmpt433/AM335X_StarterWare_02_00_01_01//binary/armv7a/gcc/am335x/drivers/Debug/libdrivers.a(uart_irda_cir.o)
 .data          0x00000000        0x0 /home/eric/cmpt433/AM335X_StarterWare_02_00_01_01//binary/armv7a/gcc/am335x/drivers/Debug/libdrivers.a(uart_irda_cir.o)
 .bss           0x00000000        0x0 /home/eric/cmpt433/AM335X_StarterWare_02_00_01_01//binary/armv7a/gcc/am335x/drivers/Debug/libdrivers.a(uart_irda_cir.o)
 .text.UARTDivisorLatchEnable
                0x00000000       0x38 /home/eric/cmpt433/AM335X_StarterWare_02_00_01_01//binary/armv7a/gcc/am335x/drivers/Debug/libdrivers.a(uart_irda_cir.o)
 .text.UARTRegConfModeRestore
                0x00000000       0x30 /home/eric/cmpt433/AM335X_StarterWare_02_00_01_01//binary/armv7a/gcc/am335x/drivers/Debug/libdrivers.a(uart_irda_cir.o)
 .text.UARTParityModeSet
                0x00000000       0x60 /home/eric/cmpt433/AM335X_StarterWare_02_00_01_01//binary/armv7a/gcc/am335x/drivers/Debug/libdrivers.a(uart_irda_cir.o)
 .text.UARTParityModeGet
                0x00000000       0x30 /home/eric/cmpt433/AM335X_StarterWare_02_00_01_01//binary/armv7a/gcc/am335x/drivers/Debug/libdrivers.a(uart_irda_cir.o)
 .text.UARTFIFOConfig
                0x00000000      0x480 /home/eric/cmpt433/AM335X_StarterWare_02_00_01_01//binary/armv7a/gcc/am335x/drivers/Debug/libdrivers.a(uart_irda_cir.o)
 .text.UARTDMAEnable
                0x00000000       0x80 /home/eric/cmpt433/AM335X_StarterWare_02_00_01_01//binary/armv7a/gcc/am335x/drivers/Debug/libdrivers.a(uart_irda_cir.o)
 .text.UARTDMADisable
                0x00000000       0x54 /home/eric/cmpt433/AM335X_StarterWare_02_00_01_01//binary/armv7a/gcc/am335x/drivers/Debug/libdrivers.a(uart_irda_cir.o)
 .text.UARTFIFORegisterWrite
                0x00000000       0xc0 /home/eric/cmpt433/AM335X_StarterWare_02_00_01_01//binary/armv7a/gcc/am335x/drivers/Debug/libdrivers.a(uart_irda_cir.o)
 .text.UARTEnhanFuncEnable
                0x00000000       0x88 /home/eric/cmpt433/AM335X_StarterWare_02_00_01_01//binary/armv7a/gcc/am335x/drivers/Debug/libdrivers.a(uart_irda_cir.o)
 .text.UARTEnhanFuncBitValRestore
                0x00000000       0x8c /home/eric/cmpt433/AM335X_StarterWare_02_00_01_01//binary/armv7a/gcc/am335x/drivers/Debug/libdrivers.a(uart_irda_cir.o)
 .text.UARTSubConfigMSRSPRModeEn
                0x00000000      0x124 /home/eric/cmpt433/AM335X_StarterWare_02_00_01_01//binary/armv7a/gcc/am335x/drivers/Debug/libdrivers.a(uart_irda_cir.o)
 .text.UARTSubConfigTCRTLRModeEn
                0x00000000      0x124 /home/eric/cmpt433/AM335X_StarterWare_02_00_01_01//binary/armv7a/gcc/am335x/drivers/Debug/libdrivers.a(uart_irda_cir.o)
 .text.UARTSubConfigXOFFModeEn
                0x00000000      0x124 /home/eric/cmpt433/AM335X_StarterWare_02_00_01_01//binary/armv7a/gcc/am335x/drivers/Debug/libdrivers.a(uart_irda_cir.o)
 .text.UARTTCRTLRBitValRestore
                0x00000000      0x128 /home/eric/cmpt433/AM335X_StarterWare_02_00_01_01//binary/armv7a/gcc/am335x/drivers/Debug/libdrivers.a(uart_irda_cir.o)
 .text.UARTIntDisable
                0x00000000      0x110 /home/eric/cmpt433/AM335X_StarterWare_02_00_01_01//binary/armv7a/gcc/am335x/drivers/Debug/libdrivers.a(uart_irda_cir.o)
 .text.UARTSpaceAvail
                0x00000000       0x78 /home/eric/cmpt433/AM335X_StarterWare_02_00_01_01//binary/armv7a/gcc/am335x/drivers/Debug/libdrivers.a(uart_irda_cir.o)
 .text.UARTCharsAvail
                0x00000000       0x78 /home/eric/cmpt433/AM335X_StarterWare_02_00_01_01//binary/armv7a/gcc/am335x/drivers/Debug/libdrivers.a(uart_irda_cir.o)
 .text.UARTCharGet
                0x00000000       0x84 /home/eric/cmpt433/AM335X_StarterWare_02_00_01_01//binary/armv7a/gcc/am335x/drivers/Debug/libdrivers.a(uart_irda_cir.o)
 .text.UARTCharGetTimeout
                0x00000000       0xac /home/eric/cmpt433/AM335X_StarterWare_02_00_01_01//binary/armv7a/gcc/am335x/drivers/Debug/libdrivers.a(uart_irda_cir.o)
 .text.UARTFIFOCharPut
                0x00000000       0x30 /home/eric/cmpt433/AM335X_StarterWare_02_00_01_01//binary/armv7a/gcc/am335x/drivers/Debug/libdrivers.a(uart_irda_cir.o)
 .text.UARTFIFOCharGet
                0x00000000       0x30 /home/eric/cmpt433/AM335X_StarterWare_02_00_01_01//binary/armv7a/gcc/am335x/drivers/Debug/libdrivers.a(uart_irda_cir.o)
 .text.UARTFIFOWrite
                0x00000000       0x78 /home/eric/cmpt433/AM335X_StarterWare_02_00_01_01//binary/armv7a/gcc/am335x/drivers/Debug/libdrivers.a(uart_irda_cir.o)
 .text.UARTRxErrorGet
                0x00000000       0x6c /home/eric/cmpt433/AM335X_StarterWare_02_00_01_01//binary/armv7a/gcc/am335x/drivers/Debug/libdrivers.a(uart_irda_cir.o)
 .text.UARTIntPendingStatusGet
                0x00000000       0x78 /home/eric/cmpt433/AM335X_StarterWare_02_00_01_01//binary/armv7a/gcc/am335x/drivers/Debug/libdrivers.a(uart_irda_cir.o)
 .text.UARTFIFOEnableStatusGet
                0x00000000       0x78 /home/eric/cmpt433/AM335X_StarterWare_02_00_01_01//binary/armv7a/gcc/am335x/drivers/Debug/libdrivers.a(uart_irda_cir.o)
 .text.UARTAutoRTSAutoCTSControl
                0x00000000       0xb4 /home/eric/cmpt433/AM335X_StarterWare_02_00_01_01//binary/armv7a/gcc/am335x/drivers/Debug/libdrivers.a(uart_irda_cir.o)
 .text.UARTSpecialCharDetectControl
                0x00000000       0x8c /home/eric/cmpt433/AM335X_StarterWare_02_00_01_01//binary/armv7a/gcc/am335x/drivers/Debug/libdrivers.a(uart_irda_cir.o)
 .text.UARTSoftwareFlowCtrlOptSet
                0x00000000       0x8c /home/eric/cmpt433/AM335X_StarterWare_02_00_01_01//binary/armv7a/gcc/am335x/drivers/Debug/libdrivers.a(uart_irda_cir.o)
 .text.UARTPulseShapingControl
                0x00000000       0x60 /home/eric/cmpt433/AM335X_StarterWare_02_00_01_01//binary/armv7a/gcc/am335x/drivers/Debug/libdrivers.a(uart_irda_cir.o)
 .text.UARTIdleModeConfigure
                0x00000000       0x60 /home/eric/cmpt433/AM335X_StarterWare_02_00_01_01//binary/armv7a/gcc/am335x/drivers/Debug/libdrivers.a(uart_irda_cir.o)
 .text.UARTWakeUpControl
                0x00000000       0x60 /home/eric/cmpt433/AM335X_StarterWare_02_00_01_01//binary/armv7a/gcc/am335x/drivers/Debug/libdrivers.a(uart_irda_cir.o)
 .text.UARTAutoIdleModeControl
                0x00000000       0x60 /home/eric/cmpt433/AM335X_StarterWare_02_00_01_01//binary/armv7a/gcc/am335x/drivers/Debug/libdrivers.a(uart_irda_cir.o)
 .text.UARTFlowCtrlTrigLvlConfig
                0x00000000       0x60 /home/eric/cmpt433/AM335X_StarterWare_02_00_01_01//binary/armv7a/gcc/am335x/drivers/Debug/libdrivers.a(uart_irda_cir.o)
 .text.UARTXON1XOFF1ValProgram
                0x00000000       0x4c /home/eric/cmpt433/AM335X_StarterWare_02_00_01_01//binary/armv7a/gcc/am335x/drivers/Debug/libdrivers.a(uart_irda_cir.o)
 .text.UARTXON2XOFF2ValProgram
                0x00000000       0x4c /home/eric/cmpt433/AM335X_StarterWare_02_00_01_01//binary/armv7a/gcc/am335x/drivers/Debug/libdrivers.a(uart_irda_cir.o)
 .text.UARTXONAnyFeatureControl
                0x00000000      0x100 /home/eric/cmpt433/AM335X_StarterWare_02_00_01_01//binary/armv7a/gcc/am335x/drivers/Debug/libdrivers.a(uart_irda_cir.o)
 .text.UARTLoopbackModeControl
                0x00000000       0x60 /home/eric/cmpt433/AM335X_StarterWare_02_00_01_01//binary/armv7a/gcc/am335x/drivers/Debug/libdrivers.a(uart_irda_cir.o)
 .text.UARTModemControlSet
                0x00000000       0x44 /home/eric/cmpt433/AM335X_StarterWare_02_00_01_01//binary/armv7a/gcc/am335x/drivers/Debug/libdrivers.a(uart_irda_cir.o)
 .text.UARTModemControlClear
                0x00000000       0x48 /home/eric/cmpt433/AM335X_StarterWare_02_00_01_01//binary/armv7a/gcc/am335x/drivers/Debug/libdrivers.a(uart_irda_cir.o)
 .text.UARTModemStatusGet
                0x00000000       0x30 /home/eric/cmpt433/AM335X_StarterWare_02_00_01_01//binary/armv7a/gcc/am335x/drivers/Debug/libdrivers.a(uart_irda_cir.o)
 .text.UARTModemStatusChangeCheck
                0x00000000       0x30 /home/eric/cmpt433/AM335X_StarterWare_02_00_01_01//binary/armv7a/gcc/am335x/drivers/Debug/libdrivers.a(uart_irda_cir.o)
 .text.UARTResumeOperation
                0x00000000       0x28 /home/eric/cmpt433/AM335X_StarterWare_02_00_01_01//binary/armv7a/gcc/am335x/drivers/Debug/libdrivers.a(uart_irda_cir.o)
 .text.UARTWakeUpEventsEnable
                0x00000000       0x44 /home/eric/cmpt433/AM335X_StarterWare_02_00_01_01//binary/armv7a/gcc/am335x/drivers/Debug/libdrivers.a(uart_irda_cir.o)
 .text.UARTWakeUpEventsDisable
                0x00000000       0x48 /home/eric/cmpt433/AM335X_StarterWare_02_00_01_01//binary/armv7a/gcc/am335x/drivers/Debug/libdrivers.a(uart_irda_cir.o)
 .text.UARTFIFOTrigLvlGranControl
                0x00000000       0x88 /home/eric/cmpt433/AM335X_StarterWare_02_00_01_01//binary/armv7a/gcc/am335x/drivers/Debug/libdrivers.a(uart_irda_cir.o)
 .text.UARTDSRInterruptControl
                0x00000000       0x60 /home/eric/cmpt433/AM335X_StarterWare_02_00_01_01//binary/armv7a/gcc/am335x/drivers/Debug/libdrivers.a(uart_irda_cir.o)
 .text.UARTTxEmptyIntControl
                0x00000000       0x60 /home/eric/cmpt433/AM335X_StarterWare_02_00_01_01//binary/armv7a/gcc/am335x/drivers/Debug/libdrivers.a(uart_irda_cir.o)
 .text.UARTRXCTSDSRWakeUpConfigure
                0x00000000       0x60 /home/eric/cmpt433/AM335X_StarterWare_02_00_01_01//binary/armv7a/gcc/am335x/drivers/Debug/libdrivers.a(uart_irda_cir.o)
 .text.UARTRXCTSDSRTransitionStatusGet
                0x00000000       0x30 /home/eric/cmpt433/AM335X_StarterWare_02_00_01_01//binary/armv7a/gcc/am335x/drivers/Debug/libdrivers.a(uart_irda_cir.o)
 .text.UARTDMACounterResetControl
                0x00000000       0x60 /home/eric/cmpt433/AM335X_StarterWare_02_00_01_01//binary/armv7a/gcc/am335x/drivers/Debug/libdrivers.a(uart_irda_cir.o)
 .text.UARTTxFIFOFullStatusGet
                0x00000000       0x30 /home/eric/cmpt433/AM335X_StarterWare_02_00_01_01//binary/armv7a/gcc/am335x/drivers/Debug/libdrivers.a(uart_irda_cir.o)
 .text.UARTTxFIFOLevelGet
                0x00000000       0x2c /home/eric/cmpt433/AM335X_StarterWare_02_00_01_01//binary/armv7a/gcc/am335x/drivers/Debug/libdrivers.a(uart_irda_cir.o)
 .text.UARTRxFIFOLevelGet
                0x00000000       0x2c /home/eric/cmpt433/AM335X_StarterWare_02_00_01_01//binary/armv7a/gcc/am335x/drivers/Debug/libdrivers.a(uart_irda_cir.o)
 .text.UARTAutobaudParityGet
                0x00000000       0x6c /home/eric/cmpt433/AM335X_StarterWare_02_00_01_01//binary/armv7a/gcc/am335x/drivers/Debug/libdrivers.a(uart_irda_cir.o)
 .text.UARTAutobaudWordLenGet
                0x00000000       0x6c /home/eric/cmpt433/AM335X_StarterWare_02_00_01_01//binary/armv7a/gcc/am335x/drivers/Debug/libdrivers.a(uart_irda_cir.o)
 .text.UARTAutobaudSpeedGet
                0x00000000       0x6c /home/eric/cmpt433/AM335X_StarterWare_02_00_01_01//binary/armv7a/gcc/am335x/drivers/Debug/libdrivers.a(uart_irda_cir.o)
 .text.UARTScratchPadRegWrite
                0x00000000       0x60 /home/eric/cmpt433/AM335X_StarterWare_02_00_01_01//binary/armv7a/gcc/am335x/drivers/Debug/libdrivers.a(uart_irda_cir.o)
 .text.UARTScratchPadRegRead
                0x00000000       0x30 /home/eric/cmpt433/AM335X_StarterWare_02_00_01_01//binary/armv7a/gcc/am335x/drivers/Debug/libdrivers.a(uart_irda_cir.o)
 .text.UARTModuleVersionNumberGet
                0x00000000       0x30 /home/eric/cmpt433/AM335X_StarterWare_02_00_01_01//binary/armv7a/gcc/am335x/drivers/Debug/libdrivers.a(uart_irda_cir.o)
 .text.UARTTxDMAThresholdControl
                0x00000000       0x60 /home/eric/cmpt433/AM335X_StarterWare_02_00_01_01//binary/armv7a/gcc/am335x/drivers/Debug/libdrivers.a(uart_irda_cir.o)
 .text.UARTTxDMAThresholdValConfig
                0x00000000       0x60 /home/eric/cmpt433/AM335X_StarterWare_02_00_01_01//binary/armv7a/gcc/am335x/drivers/Debug/libdrivers.a(uart_irda_cir.o)
 .text          0x00000000        0x0 /home/eric/cmpt433/AM335X_StarterWare_02_00_01_01//binary/armv7a/gcc/am335x/drivers/Debug/libdrivers.a(watchdog.o)
 .data          0x00000000        0x0 /home/eric/cmpt433/AM335X_StarterWare_02_00_01_01//binary/armv7a/gcc/am335x/drivers/Debug/libdrivers.a(watchdog.o)
 .bss           0x00000000        0x0 /home/eric/cmpt433/AM335X_StarterWare_02_00_01_01//binary/armv7a/gcc/am335x/drivers/Debug/libdrivers.a(watchdog.o)
 .text.WatchdogTimerRevisionIDGet
                0x00000000       0x28 /home/eric/cmpt433/AM335X_StarterWare_02_00_01_01//binary/armv7a/gcc/am335x/drivers/Debug/libdrivers.a(watchdog.o)
 .text.WatchdogTimerPreScalerClkEnable
                0x00000000       0xa8 /home/eric/cmpt433/AM335X_StarterWare_02_00_01_01//binary/armv7a/gcc/am335x/drivers/Debug/libdrivers.a(watchdog.o)
 .text.WatchdogTimerCounterSet
                0x00000000       0x50 /home/eric/cmpt433/AM335X_StarterWare_02_00_01_01//binary/armv7a/gcc/am335x/drivers/Debug/libdrivers.a(watchdog.o)
 .text.WatchdogTimerCounterGet
                0x00000000       0x2c /home/eric/cmpt433/AM335X_StarterWare_02_00_01_01//binary/armv7a/gcc/am335x/drivers/Debug/libdrivers.a(watchdog.o)
 .text.WatchdogTimerReloadGet
                0x00000000       0x2c /home/eric/cmpt433/AM335X_StarterWare_02_00_01_01//binary/armv7a/gcc/am335x/drivers/Debug/libdrivers.a(watchdog.o)
 .text.WatchdogTimerDelaySet
                0x00000000       0x50 /home/eric/cmpt433/AM335X_StarterWare_02_00_01_01//binary/armv7a/gcc/am335x/drivers/Debug/libdrivers.a(watchdog.o)
 .text.WatchdogTimerDelayGet
                0x00000000       0x2c /home/eric/cmpt433/AM335X_StarterWare_02_00_01_01//binary/armv7a/gcc/am335x/drivers/Debug/libdrivers.a(watchdog.o)
 .text.WatchdogTimerIntRawStatusSet
                0x00000000       0x34 /home/eric/cmpt433/AM335X_StarterWare_02_00_01_01//binary/armv7a/gcc/am335x/drivers/Debug/libdrivers.a(watchdog.o)
 .text.WatchdogTimerIntRawStatusGet
                0x00000000       0x2c /home/eric/cmpt433/AM335X_StarterWare_02_00_01_01//binary/armv7a/gcc/am335x/drivers/Debug/libdrivers.a(watchdog.o)
 .text.WatchdogTimerIntStatusGet
                0x00000000       0x2c /home/eric/cmpt433/AM335X_StarterWare_02_00_01_01//binary/armv7a/gcc/am335x/drivers/Debug/libdrivers.a(watchdog.o)
 .text.WatchdogTimerIntStatusClear
                0x00000000       0x34 /home/eric/cmpt433/AM335X_StarterWare_02_00_01_01//binary/armv7a/gcc/am335x/drivers/Debug/libdrivers.a(watchdog.o)
 .text.WatchdogTimerIntEnable
                0x00000000       0x34 /home/eric/cmpt433/AM335X_StarterWare_02_00_01_01//binary/armv7a/gcc/am335x/drivers/Debug/libdrivers.a(watchdog.o)
 .text.WatchdogTimerIntEnableStatusGet
                0x00000000       0x2c /home/eric/cmpt433/AM335X_StarterWare_02_00_01_01//binary/armv7a/gcc/am335x/drivers/Debug/libdrivers.a(watchdog.o)
 .text.WatchdogTimerIntDisable
                0x00000000       0x34 /home/eric/cmpt433/AM335X_StarterWare_02_00_01_01//binary/armv7a/gcc/am335x/drivers/Debug/libdrivers.a(watchdog.o)
 .text          0x00000000        0x0 /home/eric/cmpt433/AM335X_StarterWare_02_00_01_01//binary/armv7a/gcc/utils/Debug/libutils.a(consoleUtils.o)
 .data          0x00000000        0x0 /home/eric/cmpt433/AM335X_StarterWare_02_00_01_01//binary/armv7a/gcc/utils/Debug/libutils.a(consoleUtils.o)
 .bss           0x00000000        0x0 /home/eric/cmpt433/AM335X_StarterWare_02_00_01_01//binary/armv7a/gcc/utils/Debug/libutils.a(consoleUtils.o)
 .text.ConsoleUtilsInit
                0x00000000       0x18 /home/eric/cmpt433/AM335X_StarterWare_02_00_01_01//binary/armv7a/gcc/utils/Debug/libutils.a(consoleUtils.o)
 .text.ConsoleUtilsScanf
                0x00000000       0x80 /home/eric/cmpt433/AM335X_StarterWare_02_00_01_01//binary/armv7a/gcc/utils/Debug/libutils.a(consoleUtils.o)
 .text.ConsoleUtilsGets
                0x00000000       0x74 /home/eric/cmpt433/AM335X_StarterWare_02_00_01_01//binary/armv7a/gcc/utils/Debug/libutils.a(consoleUtils.o)
 .text.ConsoleUtilsPuts
                0x00000000       0x60 /home/eric/cmpt433/AM335X_StarterWare_02_00_01_01//binary/armv7a/gcc/utils/Debug/libutils.a(consoleUtils.o)
 .text.ConsoleUtilsGetChar
                0x00000000       0xa8 /home/eric/cmpt433/AM335X_StarterWare_02_00_01_01//binary/armv7a/gcc/utils/Debug/libutils.a(consoleUtils.o)
 .text          0x00000000        0x0 /home/eric/cmpt433/AM335X_StarterWare_02_00_01_01//binary/armv7a/gcc/utils/Debug/libutils.a(uartStdio.o)
 .data          0x00000000        0x0 /home/eric/cmpt433/AM335X_StarterWare_02_00_01_01//binary/armv7a/gcc/utils/Debug/libutils.a(uartStdio.o)
 .bss           0x00000000        0x0 /home/eric/cmpt433/AM335X_StarterWare_02_00_01_01//binary/armv7a/gcc/utils/Debug/libutils.a(uartStdio.o)
 .text.UARTStdioInit
                0x00000000       0x18 /home/eric/cmpt433/AM335X_StarterWare_02_00_01_01//binary/armv7a/gcc/utils/Debug/libutils.a(uartStdio.o)
 .text.UARTStdioRead
                0x00000000       0xd0 /home/eric/cmpt433/AM335X_StarterWare_02_00_01_01//binary/armv7a/gcc/utils/Debug/libutils.a(uartStdio.o)
 .text.UARTGets
                0x00000000       0xdc /home/eric/cmpt433/AM335X_StarterWare_02_00_01_01//binary/armv7a/gcc/utils/Debug/libutils.a(uartStdio.o)
 .text.UARTPutNum
                0x00000000      0x178 /home/eric/cmpt433/AM335X_StarterWare_02_00_01_01//binary/armv7a/gcc/utils/Debug/libutils.a(uartStdio.o)
 .text.UARTPutHexNum
                0x00000000      0x198 /home/eric/cmpt433/AM335X_StarterWare_02_00_01_01//binary/armv7a/gcc/utils/Debug/libutils.a(uartStdio.o)
 .text.UARTGetNum
                0x00000000      0x118 /home/eric/cmpt433/AM335X_StarterWare_02_00_01_01//binary/armv7a/gcc/utils/Debug/libutils.a(uartStdio.o)
 .text.UARTGetHexNum
                0x00000000      0x2ec /home/eric/cmpt433/AM335X_StarterWare_02_00_01_01//binary/armv7a/gcc/utils/Debug/libutils.a(uartStdio.o)
 .text.UARTGetc
                0x00000000       0x20 /home/eric/cmpt433/AM335X_StarterWare_02_00_01_01//binary/armv7a/gcc/utils/Debug/libutils.a(uartStdio.o)
 .text.UARTprintf
                0x00000000      0x6b8 /home/eric/cmpt433/AM335X_StarterWare_02_00_01_01//binary/armv7a/gcc/utils/Debug/libutils.a(uartStdio.o)
 .text.UARTScanf
                0x00000000      0xa68 /home/eric/cmpt433/AM335X_StarterWare_02_00_01_01//binary/armv7a/gcc/utils/Debug/libutils.a(uartStdio.o)
 .text          0x00000000        0x0 /home/eric/cmpt433/AM335X_StarterWare_02_00_01_01//binary/armv7a/gcc/utils/Debug/libutils.a(ascii.o)
 .data          0x00000000        0x0 /home/eric/cmpt433/AM335X_StarterWare_02_00_01_01//binary/armv7a/gcc/utils/Debug/libutils.a(ascii.o)
 .bss           0x00000000        0x0 /home/eric/cmpt433/AM335X_StarterWare_02_00_01_01//binary/armv7a/gcc/utils/Debug/libutils.a(ascii.o)
 .text.ASCIIToDigit
                0x00000000       0xe8 /home/eric/cmpt433/AM335X_StarterWare_02_00_01_01//binary/armv7a/gcc/utils/Debug/libutils.a(ascii.o)
 .text.DigitToASCII
                0x00000000       0xb8 /home/eric/cmpt433/AM335X_StarterWare_02_00_01_01//binary/armv7a/gcc/utils/Debug/libutils.a(ascii.o)
 .text.StrToEthrAddr
                0x00000000      0x184 /home/eric/cmpt433/AM335X_StarterWare_02_00_01_01//binary/armv7a/gcc/utils/Debug/libutils.a(ascii.o)
 .text.EthrAddrToStr
                0x00000000      0x180 /home/eric/cmpt433/AM335X_StarterWare_02_00_01_01//binary/armv7a/gcc/utils/Debug/libutils.a(ascii.o)
 .text.TimeToStr
                0x00000000      0x18c /home/eric/cmpt433/AM335X_StarterWare_02_00_01_01//binary/armv7a/gcc/utils/Debug/libutils.a(ascii.o)
 .text.DateToStr
                0x00000000      0x18c /home/eric/cmpt433/AM335X_StarterWare_02_00_01_01//binary/armv7a/gcc/utils/Debug/libutils.a(ascii.o)
 .debug_info    0x00000000      0x289 /home/eric/cmpt433/AM335X_StarterWare_02_00_01_01//binary/armv7a/gcc/utils/Debug/libutils.a(ascii.o)
 .debug_abbrev  0x00000000       0xce /home/eric/cmpt433/AM335X_StarterWare_02_00_01_01//binary/armv7a/gcc/utils/Debug/libutils.a(ascii.o)
 .debug_loc     0x00000000      0x108 /home/eric/cmpt433/AM335X_StarterWare_02_00_01_01//binary/armv7a/gcc/utils/Debug/libutils.a(ascii.o)
 .debug_aranges
                0x00000000       0x48 /home/eric/cmpt433/AM335X_StarterWare_02_00_01_01//binary/armv7a/gcc/utils/Debug/libutils.a(ascii.o)
 .debug_ranges  0x00000000       0x38 /home/eric/cmpt433/AM335X_StarterWare_02_00_01_01//binary/armv7a/gcc/utils/Debug/libutils.a(ascii.o)
 .debug_line    0x00000000      0x1a6 /home/eric/cmpt433/AM335X_StarterWare_02_00_01_01//binary/armv7a/gcc/utils/Debug/libutils.a(ascii.o)
 .debug_str     0x00000000      0x197 /home/eric/cmpt433/AM335X_StarterWare_02_00_01_01//binary/armv7a/gcc/utils/Debug/libutils.a(ascii.o)
 .comment       0x00000000       0x71 /home/eric/cmpt433/AM335X_StarterWare_02_00_01_01//binary/armv7a/gcc/utils/Debug/libutils.a(ascii.o)
 .ARM.attributes
                0x00000000       0x37 /home/eric/cmpt433/AM335X_StarterWare_02_00_01_01//binary/armv7a/gcc/utils/Debug/libutils.a(ascii.o)
 .debug_frame   0x00000000       0xb0 /home/eric/cmpt433/AM335X_StarterWare_02_00_01_01//binary/armv7a/gcc/utils/Debug/libutils.a(ascii.o)
 .text          0x00000000        0x0 /home/eric/cmpt433/AM335X_StarterWare_02_00_01_01//binary/armv7a/gcc/am335x/beaglebone/platform/Debug/libplatform.a(dmtimer.o)
 .data          0x00000000        0x0 /home/eric/cmpt433/AM335X_StarterWare_02_00_01_01//binary/armv7a/gcc/am335x/beaglebone/platform/Debug/libplatform.a(dmtimer.o)
 .bss           0x00000000        0x0 /home/eric/cmpt433/AM335X_StarterWare_02_00_01_01//binary/armv7a/gcc/am335x/beaglebone/platform/Debug/libplatform.a(dmtimer.o)
 .text.DMTimer3ModuleClkConfig
                0x00000000      0x260 /home/eric/cmpt433/AM335X_StarterWare_02_00_01_01//binary/armv7a/gcc/am335x/beaglebone/platform/Debug/libplatform.a(dmtimer.o)
 .text.DMTimer4ModuleClkConfig
                0x00000000      0x268 /home/eric/cmpt433/AM335X_StarterWare_02_00_01_01//binary/armv7a/gcc/am335x/beaglebone/platform/Debug/libplatform.a(dmtimer.o)
 .text.DMTimer6ModuleClkConfig
                0x00000000       0xc4 /home/eric/cmpt433/AM335X_StarterWare_02_00_01_01//binary/armv7a/gcc/am335x/beaglebone/platform/Debug/libplatform.a(dmtimer.o)
 .text.DMTimer7ModuleClkConfig
                0x00000000      0x260 /home/eric/cmpt433/AM335X_StarterWare_02_00_01_01//binary/armv7a/gcc/am335x/beaglebone/platform/Debug/libplatform.a(dmtimer.o)
 .text.DMTimer1msModuleClkConfig
                0x00000000       0xd8 /home/eric/cmpt433/AM335X_StarterWare_02_00_01_01//binary/armv7a/gcc/am335x/beaglebone/platform/Debug/libplatform.a(dmtimer.o)
 .text          0x00000000        0x0 /home/eric/cmpt433/AM335X_StarterWare_02_00_01_01//binary/armv7a/gcc/am335x/beaglebone/platform/Debug/libplatform.a(uart.o)
 .data          0x00000000        0x0 /home/eric/cmpt433/AM335X_StarterWare_02_00_01_01//binary/armv7a/gcc/am335x/beaglebone/platform/Debug/libplatform.a(uart.o)
 .bss           0x00000000        0x0 /home/eric/cmpt433/AM335X_StarterWare_02_00_01_01//binary/armv7a/gcc/am335x/beaglebone/platform/Debug/libplatform.a(uart.o)
 .text          0x00000000        0x0 /home/eric/cmpt433/AM335X_StarterWare_02_00_01_01//binary/armv7a/gcc/am335x/beaglebone/platform/Debug/libplatform.a(uartConsole.o)
 .data          0x00000000        0x0 /home/eric/cmpt433/AM335X_StarterWare_02_00_01_01//binary/armv7a/gcc/am335x/beaglebone/platform/Debug/libplatform.a(uartConsole.o)
 .bss           0x00000000        0x0 /home/eric/cmpt433/AM335X_StarterWare_02_00_01_01//binary/armv7a/gcc/am335x/beaglebone/platform/Debug/libplatform.a(uartConsole.o)
 .text.UARTStdioInitExpClk
                0x00000000       0xd0 /home/eric/cmpt433/AM335X_StarterWare_02_00_01_01//binary/armv7a/gcc/am335x/beaglebone/platform/Debug/libplatform.a(uartConsole.o)
 .text.UartFIFOConfigure
                0x00000000       0x64 /home/eric/cmpt433/AM335X_StarterWare_02_00_01_01//binary/armv7a/gcc/am335x/beaglebone/platform/Debug/libplatform.a(uartConsole.o)
 .text.UartBaudRateSet
                0x00000000       0x5c /home/eric/cmpt433/AM335X_StarterWare_02_00_01_01//binary/armv7a/gcc/am335x/beaglebone/platform/Debug/libplatform.a(uartConsole.o)
 .text.UARTConsoleInit
                0x00000000       0x44 /home/eric/cmpt433/AM335X_StarterWare_02_00_01_01//binary/armv7a/gcc/am335x/beaglebone/platform/Debug/libplatform.a(uartConsole.o)
 .text.UARTConsoleGetc
                0x00000000       0x2c /home/eric/cmpt433/AM335X_StarterWare_02_00_01_01//binary/armv7a/gcc/am335x/beaglebone/platform/Debug/libplatform.a(uartConsole.o)
 .text          0x00000000        0x0 /home/eric/cmpt433/AM335X_StarterWare_02_00_01_01//binary/armv7a/gcc/am335x/beaglebone/platform/Debug/libplatform.a(watchdog.o)
 .data          0x00000000        0x0 /home/eric/cmpt433/AM335X_StarterWare_02_00_01_01//binary/armv7a/gcc/am335x/beaglebone/platform/Debug/libplatform.a(watchdog.o)
 .bss           0x00000000        0x0 /home/eric/cmpt433/AM335X_StarterWare_02_00_01_01//binary/armv7a/gcc/am335x/beaglebone/platform/Debug/libplatform.a(watchdog.o)
 .data          0x00000000        0x0 /home/eric/cmpt433/AM335X_StarterWare_02_00_01_01//binary/armv7a/gcc/am335x/system_config/Debug/libsystem_config.a(init.o)
 .bss           0x00000000        0x0 /home/eric/cmpt433/AM335X_StarterWare_02_00_01_01//binary/armv7a/gcc/am335x/system_config/Debug/libsystem_config.a(init.o)
 .text          0x00000000        0x0 /home/eric/cmpt433/AM335X_StarterWare_02_00_01_01//binary/armv7a/gcc/am335x/system_config/Debug/libsystem_config.a(interrupt.o)
 .data          0x00000000        0x0 /home/eric/cmpt433/AM335X_StarterWare_02_00_01_01//binary/armv7a/gcc/am335x/system_config/Debug/libsystem_config.a(interrupt.o)
 .bss           0x00000000        0x0 /home/eric/cmpt433/AM335X_StarterWare_02_00_01_01//binary/armv7a/gcc/am335x/system_config/Debug/libsystem_config.a(interrupt.o)
 .text.IntUnRegister
                0x00000000       0x34 /home/eric/cmpt433/AM335X_StarterWare_02_00_01_01//binary/armv7a/gcc/am335x/system_config/Debug/libsystem_config.a(interrupt.o)
 .text.IntSystemDisable
                0x00000000       0x4c /home/eric/cmpt433/AM335X_StarterWare_02_00_01_01//binary/armv7a/gcc/am335x/system_config/Debug/libsystem_config.a(interrupt.o)
 .text.IntIfClkFreeRunSet
                0x00000000       0x30 /home/eric/cmpt433/AM335X_StarterWare_02_00_01_01//binary/armv7a/gcc/am335x/system_config/Debug/libsystem_config.a(interrupt.o)
 .text.IntIfClkAutoGateSet
                0x00000000       0x30 /home/eric/cmpt433/AM335X_StarterWare_02_00_01_01//binary/armv7a/gcc/am335x/system_config/Debug/libsystem_config.a(interrupt.o)
 .text.IntActiveIrqNumGet
                0x00000000       0x28 /home/eric/cmpt433/AM335X_StarterWare_02_00_01_01//binary/armv7a/gcc/am335x/system_config/Debug/libsystem_config.a(interrupt.o)
 .text.IntSpurIrqFlagGet
                0x00000000       0x28 /home/eric/cmpt433/AM335X_StarterWare_02_00_01_01//binary/armv7a/gcc/am335x/system_config/Debug/libsystem_config.a(interrupt.o)
 .text.IntProtectionEnable
                0x00000000       0x24 /home/eric/cmpt433/AM335X_StarterWare_02_00_01_01//binary/armv7a/gcc/am335x/system_config/Debug/libsystem_config.a(interrupt.o)
 .text.IntProtectionDisable
                0x00000000       0x30 /home/eric/cmpt433/AM335X_StarterWare_02_00_01_01//binary/armv7a/gcc/am335x/system_config/Debug/libsystem_config.a(interrupt.o)
 .text.IntSyncClkFreeRunSet
                0x00000000       0x30 /home/eric/cmpt433/AM335X_StarterWare_02_00_01_01//binary/armv7a/gcc/am335x/system_config/Debug/libsystem_config.a(interrupt.o)
 .text.IntSyncClkAutoGateSet
                0x00000000       0x30 /home/eric/cmpt433/AM335X_StarterWare_02_00_01_01//binary/armv7a/gcc/am335x/system_config/Debug/libsystem_config.a(interrupt.o)
 .text.IntFuncClkFreeRunSet
                0x00000000       0x30 /home/eric/cmpt433/AM335X_StarterWare_02_00_01_01//binary/armv7a/gcc/am335x/system_config/Debug/libsystem_config.a(interrupt.o)
 .text.IntFuncClkAutoGateSet
                0x00000000       0x30 /home/eric/cmpt433/AM335X_StarterWare_02_00_01_01//binary/armv7a/gcc/am335x/system_config/Debug/libsystem_config.a(interrupt.o)
 .text.IntCurrIrqPriorityGet
                0x00000000       0x28 /home/eric/cmpt433/AM335X_StarterWare_02_00_01_01//binary/armv7a/gcc/am335x/system_config/Debug/libsystem_config.a(interrupt.o)
 .text.IntPriorityThresholdGet
                0x00000000       0x28 /home/eric/cmpt433/AM335X_StarterWare_02_00_01_01//binary/armv7a/gcc/am335x/system_config/Debug/libsystem_config.a(interrupt.o)
 .text.IntPriorityThresholdSet
                0x00000000       0x30 /home/eric/cmpt433/AM335X_StarterWare_02_00_01_01//binary/armv7a/gcc/am335x/system_config/Debug/libsystem_config.a(interrupt.o)
 .text.IntRawStatusGet
                0x00000000       0x5c /home/eric/cmpt433/AM335X_StarterWare_02_00_01_01//binary/armv7a/gcc/am335x/system_config/Debug/libsystem_config.a(interrupt.o)
 .text.IntSoftwareIntSet
                0x00000000       0x48 /home/eric/cmpt433/AM335X_StarterWare_02_00_01_01//binary/armv7a/gcc/am335x/system_config/Debug/libsystem_config.a(interrupt.o)
 .text.IntSoftwareIntClear
                0x00000000       0x48 /home/eric/cmpt433/AM335X_StarterWare_02_00_01_01//binary/armv7a/gcc/am335x/system_config/Debug/libsystem_config.a(interrupt.o)
 .text.IntPendingIrqMaskedStatusGet
                0x00000000       0x58 /home/eric/cmpt433/AM335X_StarterWare_02_00_01_01//binary/armv7a/gcc/am335x/system_config/Debug/libsystem_config.a(interrupt.o)
 .text.IntMasterIRQDisable
                0x00000000       0x18 /home/eric/cmpt433/AM335X_StarterWare_02_00_01_01//binary/armv7a/gcc/am335x/system_config/Debug/libsystem_config.a(interrupt.o)
 .text.IntMasterFIQEnable
                0x00000000       0x18 /home/eric/cmpt433/AM335X_StarterWare_02_00_01_01//binary/armv7a/gcc/am335x/system_config/Debug/libsystem_config.a(interrupt.o)
 .text.IntMasterFIQDisable
                0x00000000       0x18 /home/eric/cmpt433/AM335X_StarterWare_02_00_01_01//binary/armv7a/gcc/am335x/system_config/Debug/libsystem_config.a(interrupt.o)
 .text.IntMasterStatusGet
                0x00000000       0x20 /home/eric/cmpt433/AM335X_StarterWare_02_00_01_01//binary/armv7a/gcc/am335x/system_config/Debug/libsystem_config.a(interrupt.o)
 .text.IntDisable
                0x00000000       0x3c /home/eric/cmpt433/AM335X_StarterWare_02_00_01_01//binary/armv7a/gcc/am335x/system_config/Debug/libsystem_config.a(interrupt.o)
 .text.IntEnable
                0x00000000       0x38 /home/eric/cmpt433/AM335X_StarterWare_02_00_01_01//binary/armv7a/gcc/am335x/system_config/Debug/libsystem_config.a(interrupt.o)
 .text          0x00000000        0x0 /home/eric/cmpt433/AM335X_StarterWare_02_00_01_01//binary/armv7a/gcc/am335x/system_config/Debug/libsystem_config.a(startup.o)
 .data          0x00000000        0x0 /home/eric/cmpt433/AM335X_StarterWare_02_00_01_01//binary/armv7a/gcc/am335x/system_config/Debug/libsystem_config.a(startup.o)
 .bss           0x00000000        0x0 /home/eric/cmpt433/AM335X_StarterWare_02_00_01_01//binary/armv7a/gcc/am335x/system_config/Debug/libsystem_config.a(startup.o)
 .data          0x00000000        0x0 /home/eric/cmpt433/AM335X_StarterWare_02_00_01_01//binary/armv7a/gcc/am335x/system_config/Debug/libsystem_config.a(cp15.o)
 .bss           0x00000000        0x0 /home/eric/cmpt433/AM335X_StarterWare_02_00_01_01//binary/armv7a/gcc/am335x/system_config/Debug/libsystem_config.a(cp15.o)
 .text          0x00000000        0x0 /home/eric/cmpt433/AM335X_StarterWare_02_00_01_01//binary/armv7a/gcc/am335x/system_config/Debug/libsystem_config.a(cpu.o)
 .data          0x00000000        0x0 /home/eric/cmpt433/AM335X_StarterWare_02_00_01_01//binary/armv7a/gcc/am335x/system_config/Debug/libsystem_config.a(cpu.o)
 .bss           0x00000000        0x0 /home/eric/cmpt433/AM335X_StarterWare_02_00_01_01//binary/armv7a/gcc/am335x/system_config/Debug/libsystem_config.a(cpu.o)
 .text.CPUSwitchToPrivilegedMode
                0x00000000       0x18 /home/eric/cmpt433/AM335X_StarterWare_02_00_01_01//binary/armv7a/gcc/am335x/system_config/Debug/libsystem_config.a(cpu.o)
 .text.CPUSwitchToUserMode
                0x00000000       0x24 /home/eric/cmpt433/AM335X_StarterWare_02_00_01_01//binary/armv7a/gcc/am335x/system_config/Debug/libsystem_config.a(cpu.o)
 .text.CPUAbortHandler
                0x00000000       0x14 /home/eric/cmpt433/AM335X_StarterWare_02_00_01_01//binary/armv7a/gcc/am335x/system_config/Debug/libsystem_config.a(cpu.o)
 .text.CPUIntStatus
                0x00000000       0x2c /home/eric/cmpt433/AM335X_StarterWare_02_00_01_01//binary/armv7a/gcc/am335x/system_config/Debug/libsystem_config.a(cpu.o)
 .text.CPUirqd  0x00000000       0x24 /home/eric/cmpt433/AM335X_StarterWare_02_00_01_01//binary/armv7a/gcc/am335x/system_config/Debug/libsystem_config.a(cpu.o)
 .text.CPUfiqd  0x00000000       0x24 /home/eric/cmpt433/AM335X_StarterWare_02_00_01_01//binary/armv7a/gcc/am335x/system_config/Debug/libsystem_config.a(cpu.o)
 .text.CPUfiqe  0x00000000       0x24 /home/eric/cmpt433/AM335X_StarterWare_02_00_01_01//binary/armv7a/gcc/am335x/system_config/Debug/libsystem_config.a(cpu.o)
 .data          0x00000000        0x0 /home/eric/cmpt433/AM335X_StarterWare_02_00_01_01//binary/armv7a/gcc/am335x/system_config/Debug/libsystem_config.a(exceptionhandler.o)
 .bss           0x00000000        0x0 /home/eric/cmpt433/AM335X_StarterWare_02_00_01_01//binary/armv7a/gcc/am335x/system_config/Debug/libsystem_config.a(exceptionhandler.o)
 .data          0x00000000        0x0 /home/eric/cmpt433/linaro-gcc/gcc-arm-none-eabi-4_7-2012q4/lib/gcc/arm-none-eabi/4.7.3//libgcc.a(_udivsi3.o)
 .bss           0x00000000        0x0 /home/eric/cmpt433/linaro-gcc/gcc-arm-none-eabi-4_7-2012q4/lib/gcc/arm-none-eabi/4.7.3//libgcc.a(_udivsi3.o)
 .data          0x00000000        0x0 /home/eric/cmpt433/linaro-gcc/gcc-arm-none-eabi-4_7-2012q4/lib/gcc/arm-none-eabi/4.7.3//libgcc.a(_divsi3.o)
 .bss           0x00000000        0x0 /home/eric/cmpt433/linaro-gcc/gcc-arm-none-eabi-4_7-2012q4/lib/gcc/arm-none-eabi/4.7.3//libgcc.a(_divsi3.o)
 .data          0x00000000        0x0 /home/eric/cmpt433/linaro-gcc/gcc-arm-none-eabi-4_7-2012q4/lib/gcc/arm-none-eabi/4.7.3//libgcc.a(_dvmd_tls.o)
 .bss           0x00000000        0x0 /home/eric/cmpt433/linaro-gcc/gcc-arm-none-eabi-4_7-2012q4/lib/gcc/arm-none-eabi/4.7.3//libgcc.a(_dvmd_tls.o)

Memory Configuration

Name             Origin             Length             Attributes
DDR0             0x80000000         0x10000000
*default*        0x00000000         0xffffffff

Linker script and memory map

LOAD Debug/fakeTyper.o
LOAD Debug/main.o
LOAD Debug/serial.o
LOAD Debug/timer.o
LOAD Debug/wdtimer.o
LOAD /home/eric/cmpt433/AM335X_StarterWare_02_00_01_01//binary/armv7a/gcc/am335x/drivers/Debug/libdrivers.a
LOAD /home/eric/cmpt433/AM335X_StarterWare_02_00_01_01//binary/armv7a/gcc/utils/Debug/libutils.a
LOAD /home/eric/cmpt433/AM335X_StarterWare_02_00_01_01//binary/armv7a/gcc/am335x/beaglebone/platform/Debug/libplatform.a
LOAD /home/eric/cmpt433/AM335X_StarterWare_02_00_01_01//binary/armv7a/gcc/am335x/system_config/Debug/libsystem_config.a
LOAD /home/eric/cmpt433/linaro-gcc/gcc-arm-none-eabi-4_7-2012q4/arm-none-eabi/lib//libc.a
LOAD /home/eric/cmpt433/linaro-gcc/gcc-arm-none-eabi-4_7-2012q4/lib/gcc/arm-none-eabi/4.7.3//libgcc.a
LOAD /home/eric/cmpt433/AM335X_StarterWare_02_00_01_01//binary/armv7a/gcc/am335x/drivers/Debug/libdrivers.a
LOAD /home/eric/cmpt433/AM335X_StarterWare_02_00_01_01//binary/armv7a/gcc/utils/Debug/libutils.a
LOAD /home/eric/cmpt433/AM335X_StarterWare_02_00_01_01//binary/armv7a/gcc/am335x/beaglebone/platform/Debug/libplatform.a
LOAD /home/eric/cmpt433/AM335X_StarterWare_02_00_01_01//binary/armv7a/gcc/am335x/system_config/Debug/libsystem_config.a
LOAD /home/eric/cmpt433/linaro-gcc/gcc-arm-none-eabi-4_7-2012q4/arm-none-eabi/lib//libc.a
LOAD /home/eric/cmpt433/linaro-gcc/gcc-arm-none-eabi-4_7-2012q4/lib/gcc/arm-none-eabi/4.7.3//libgcc.a

.startcode      0x80000000       0xbc
                0x80000000                . = ALIGN (0x4)
 *init.o(.text)
 .text          0x80000000       0xbc /home/eric/cmpt433/AM335X_StarterWare_02_00_01_01//binary/armv7a/gcc/am335x/system_config/Debug/libsystem_config.a(init.o)
                0x80000000                Entry

.text           0x800000bc     0x349c
                0x800000bc                . = ALIGN (0x4)
 *(.text*)
 .text.FakeTyper_init
                0x800000bc       0x14 Debug/fakeTyper.o
                0x800000bc                FakeTyper_init
 .text.FakeTyper_setMessage
                0x800000d0       0x2c Debug/fakeTyper.o
                0x800000d0                FakeTyper_setMessage
 .text.FakeTyper_notifyOnTimeIsr
                0x800000fc       0x24 Debug/fakeTyper.o
                0x800000fc                FakeTyper_notifyOnTimeIsr
 .text.FakeTyper_doBackgroundWork
                0x80000120       0x9c Debug/fakeTyper.o
                0x80000120                FakeTyper_doBackgroundWork
 .text.serialRxIsrCallback
                0x800001bc       0x30 Debug/main.o
 .text.doBackgroundSerialWork
                0x800001ec       0xc8 Debug/main.o
 .text.main     0x800002b4       0xe4 Debug/main.o
                0x800002b4                main
 .text.Serial_init
                0x80000398       0xdc Debug/serial.o
                0x80000398                Serial_init
 .text.Serial_setRxIsrCallback
                0x80000474       0x2c Debug/serial.o
                0x80000474                Serial_setRxIsrCallback
 .text.UartBaudRateSet
                0x800004a0       0x5c Debug/serial.o
 .text.UartInterruptEnable
                0x800004fc       0x7c Debug/serial.o
 .text.UARTIsr  0x80000578       0xc8 Debug/serial.o
 .text.Timer_init
                0x80000640       0x7c Debug/timer.o
                0x80000640                Timer_init
 .text.Timer_isIsrFlagSet
                0x800006bc       0x28 Debug/timer.o
                0x800006bc                Timer_isIsrFlagSet
 .text.Timer_clearIsrFlag
                0x800006e4       0x24 Debug/timer.o
                0x800006e4                Timer_clearIsrFlag
 .text.Timer_setTimerIsrCallback
                0x80000708       0x2c Debug/timer.o
                0x80000708                Timer_setTimerIsrCallback
 .text.DMTimerIsr
                0x80000734       0x88 Debug/timer.o
 .text.DMTimerAintcConfigure
                0x800007bc       0x4c Debug/timer.o
 .text.DMTimerSetUp
                0x80000808       0x5c Debug/timer.o
 .text.Watchdog_init
                0x80000864       0x84 Debug/wdtimer.o
                0x80000864                Watchdog_init
 .text.Watchdog_hit
                0x800008e8       0x4c Debug/wdtimer.o
                0x800008e8                Watchdog_hit
 .text.DMTimerEnable
                0x80000934       0x6c /home/eric/cmpt433/AM335X_StarterWare_02_00_01_01//binary/armv7a/gcc/am335x/drivers/Debug/libdrivers.a(dmtimer.o)
                0x80000934                DMTimerEnable
 .text.DMTimerModeConfigure
                0x800009a0       0xcc /home/eric/cmpt433/AM335X_StarterWare_02_00_01_01//binary/armv7a/gcc/am335x/drivers/Debug/libdrivers.a(dmtimer.o)
                0x800009a0                DMTimerModeConfigure
 .text.DMTimerPreScalerClkDisable
                0x80000a6c       0x6c /home/eric/cmpt433/AM335X_StarterWare_02_00_01_01//binary/armv7a/gcc/am335x/drivers/Debug/libdrivers.a(dmtimer.o)
                0x80000a6c                DMTimerPreScalerClkDisable
 .text.DMTimerCounterSet
                0x80000ad8       0x64 /home/eric/cmpt433/AM335X_StarterWare_02_00_01_01//binary/armv7a/gcc/am335x/drivers/Debug/libdrivers.a(dmtimer.o)
                0x80000ad8                DMTimerCounterSet
 .text.DMTimerReloadSet
                0x80000b3c       0x64 /home/eric/cmpt433/AM335X_StarterWare_02_00_01_01//binary/armv7a/gcc/am335x/drivers/Debug/libdrivers.a(dmtimer.o)
                0x80000b3c                DMTimerReloadSet
 .text.DMTimerIntStatusClear
                0x80000ba0       0x34 /home/eric/cmpt433/AM335X_StarterWare_02_00_01_01//binary/armv7a/gcc/am335x/drivers/Debug/libdrivers.a(dmtimer.o)
                0x80000ba0                DMTimerIntStatusClear
 .text.DMTimerIntEnable
                0x80000bd4       0x34 /home/eric/cmpt433/AM335X_StarterWare_02_00_01_01//binary/armv7a/gcc/am335x/drivers/Debug/libdrivers.a(dmtimer.o)
                0x80000bd4                DMTimerIntEnable
 .text.DMTimerIntDisable
                0x80000c08       0x34 /home/eric/cmpt433/AM335X_StarterWare_02_00_01_01//binary/armv7a/gcc/am335x/drivers/Debug/libdrivers.a(dmtimer.o)
                0x80000c08                DMTimerIntDisable
 .text.DMTimerWritePostedStatusGet
                0x80000c3c       0x2c /home/eric/cmpt433/AM335X_StarterWare_02_00_01_01//binary/armv7a/gcc/am335x/drivers/Debug/libdrivers.a(dmtimer.o)
                0x80000c3c                DMTimerWritePostedStatusGet
 .text.UARTOperatingModeSelect
                0x80000c68       0x84 /home/eric/cmpt433/AM335X_StarterWare_02_00_01_01//binary/armv7a/gcc/am335x/drivers/Debug/libdrivers.a(uart_irda_cir.o)
                0x80000c68                UARTOperatingModeSelect
 .text.UARTDivisorValCompute
                0x80000cec      0x104 /home/eric/cmpt433/AM335X_StarterWare_02_00_01_01//binary/armv7a/gcc/am335x/drivers/Debug/libdrivers.a(uart_irda_cir.o)
                0x80000cec                UARTDivisorValCompute
 .text.UARTDivisorLatchWrite
                0x80000df0      0x210 /home/eric/cmpt433/AM335X_StarterWare_02_00_01_01//binary/armv7a/gcc/am335x/drivers/Debug/libdrivers.a(uart_irda_cir.o)
                0x80000df0                UARTDivisorLatchWrite
 .text.UARTDivisorLatchDisable
                0x80001000       0x38 /home/eric/cmpt433/AM335X_StarterWare_02_00_01_01//binary/armv7a/gcc/am335x/drivers/Debug/libdrivers.a(uart_irda_cir.o)
                0x80001000                UARTDivisorLatchDisable
 .text.UARTRegConfigModeEnable
                0x80001038       0x9c /home/eric/cmpt433/AM335X_StarterWare_02_00_01_01//binary/armv7a/gcc/am335x/drivers/Debug/libdrivers.a(uart_irda_cir.o)
                0x80001038                UARTRegConfigModeEnable
 .text.UARTBreakCtl
                0x800010d4       0x60 /home/eric/cmpt433/AM335X_StarterWare_02_00_01_01//binary/armv7a/gcc/am335x/drivers/Debug/libdrivers.a(uart_irda_cir.o)
                0x800010d4                UARTBreakCtl
 .text.UARTLineCharacConfig
                0x80001134       0xa4 /home/eric/cmpt433/AM335X_StarterWare_02_00_01_01//binary/armv7a/gcc/am335x/drivers/Debug/libdrivers.a(uart_irda_cir.o)
                0x80001134                UARTLineCharacConfig
 .text.UARTIntEnable
                0x800011d8      0x130 /home/eric/cmpt433/AM335X_StarterWare_02_00_01_01//binary/armv7a/gcc/am335x/drivers/Debug/libdrivers.a(uart_irda_cir.o)
                0x800011d8                UARTIntEnable
 .text.UARTCharPutNonBlocking
                0x80001308       0x8c /home/eric/cmpt433/AM335X_StarterWare_02_00_01_01//binary/armv7a/gcc/am335x/drivers/Debug/libdrivers.a(uart_irda_cir.o)
                0x80001308                UARTCharPutNonBlocking
 .text.UARTCharGetNonBlocking
                0x80001394       0x80 /home/eric/cmpt433/AM335X_StarterWare_02_00_01_01//binary/armv7a/gcc/am335x/drivers/Debug/libdrivers.a(uart_irda_cir.o)
                0x80001394                UARTCharGetNonBlocking
 .text.UARTCharPut
                0x80001414       0x78 /home/eric/cmpt433/AM335X_StarterWare_02_00_01_01//binary/armv7a/gcc/am335x/drivers/Debug/libdrivers.a(uart_irda_cir.o)
                0x80001414                UARTCharPut
 .text.UARTIntIdentityGet
                0x8000148c       0x6c /home/eric/cmpt433/AM335X_StarterWare_02_00_01_01//binary/armv7a/gcc/am335x/drivers/Debug/libdrivers.a(uart_irda_cir.o)
                0x8000148c                UARTIntIdentityGet
 .text.UARTModuleReset
                0x800014f8       0x54 /home/eric/cmpt433/AM335X_StarterWare_02_00_01_01//binary/armv7a/gcc/am335x/drivers/Debug/libdrivers.a(uart_irda_cir.o)
                0x800014f8                UARTModuleReset
 .text.WatchdogTimerEnable
                0x8000154c       0x80 /home/eric/cmpt433/AM335X_StarterWare_02_00_01_01//binary/armv7a/gcc/am335x/drivers/Debug/libdrivers.a(watchdog.o)
                0x8000154c                WatchdogTimerEnable
 .text.WatchdogTimerDisable
                0x800015cc       0x80 /home/eric/cmpt433/AM335X_StarterWare_02_00_01_01//binary/armv7a/gcc/am335x/drivers/Debug/libdrivers.a(watchdog.o)
                0x800015cc                WatchdogTimerDisable
 .text.WatchdogTimerReset
                0x8000164c       0x54 /home/eric/cmpt433/AM335X_StarterWare_02_00_01_01//binary/armv7a/gcc/am335x/drivers/Debug/libdrivers.a(watchdog.o)
                0x8000164c                WatchdogTimerReset
 .text.WatchdogTimerPreScalerClkDisable
                0x800016a0       0x58 /home/eric/cmpt433/AM335X_StarterWare_02_00_01_01//binary/armv7a/gcc/am335x/drivers/Debug/libdrivers.a(watchdog.o)
                0x800016a0                WatchdogTimerPreScalerClkDisable
 .text.WatchdogTimerReloadSet
                0x800016f8       0x50 /home/eric/cmpt433/AM335X_StarterWare_02_00_01_01//binary/armv7a/gcc/am335x/drivers/Debug/libdrivers.a(watchdog.o)
                0x800016f8                WatchdogTimerReloadSet
 .text.WatchdogTimerTriggerSet
                0x80001748       0x50 /home/eric/cmpt433/AM335X_StarterWare_02_00_01_01//binary/armv7a/gcc/am335x/drivers/Debug/libdrivers.a(watchdog.o)
                0x80001748                WatchdogTimerTriggerSet
 .text.WatchdogTimerWritePostedStatusGet
                0x80001798       0x38 /home/eric/cmpt433/AM335X_StarterWare_02_00_01_01//binary/armv7a/gcc/am335x/drivers/Debug/libdrivers.a(watchdog.o)
                0x80001798                WatchdogTimerWritePostedStatusGet
 .text.ConsoleUtilsSetType
                0x800017d0       0x54 /home/eric/cmpt433/AM335X_StarterWare_02_00_01_01//binary/armv7a/gcc/utils/Debug/libutils.a(consoleUtils.o)
                0x800017d0                ConsoleUtilsSetType
 .text.ConsoleUtilsPrintf
                0x80001824       0x6c /home/eric/cmpt433/AM335X_StarterWare_02_00_01_01//binary/armv7a/gcc/utils/Debug/libutils.a(consoleUtils.o)
                0x80001824                ConsoleUtilsPrintf
 .text.ConsoleUtilsPutChar
                0x80001890       0x60 /home/eric/cmpt433/AM335X_StarterWare_02_00_01_01//binary/armv7a/gcc/utils/Debug/libutils.a(consoleUtils.o)
                0x80001890                ConsoleUtilsPutChar
 .text.UARTPuts
                0x800018f0       0xec /home/eric/cmpt433/AM335X_StarterWare_02_00_01_01//binary/armv7a/gcc/utils/Debug/libutils.a(uartStdio.o)
                0x800018f0                UARTPuts
 .text.UARTPutc
                0x800019dc       0x30 /home/eric/cmpt433/AM335X_StarterWare_02_00_01_01//binary/armv7a/gcc/utils/Debug/libutils.a(uartStdio.o)
                0x800019dc                UARTPutc
 .text.UARTwrite
                0x80001a0c       0x94 /home/eric/cmpt433/AM335X_StarterWare_02_00_01_01//binary/armv7a/gcc/utils/Debug/libutils.a(uartStdio.o)
                0x80001a0c                UARTwrite
 .text.UARTPrintf
                0x80001aa0      0x6ac /home/eric/cmpt433/AM335X_StarterWare_02_00_01_01//binary/armv7a/gcc/utils/Debug/libutils.a(uartStdio.o)
                0x80001aa0                UARTPrintf
 .text.DMTimer2ModuleClkConfig
                0x8000214c      0x260 /home/eric/cmpt433/AM335X_StarterWare_02_00_01_01//binary/armv7a/gcc/am335x/beaglebone/platform/Debug/libplatform.a(dmtimer.o)
                0x8000214c                DMTimer2ModuleClkConfig
 .text.UARTPinMuxSetup
                0x800023ac       0x48 /home/eric/cmpt433/AM335X_StarterWare_02_00_01_01//binary/armv7a/gcc/am335x/beaglebone/platform/Debug/libplatform.a(uart.o)
                0x800023ac                UARTPinMuxSetup
 .text.UART0ModuleClkConfig
                0x800023f4      0x35c /home/eric/cmpt433/AM335X_StarterWare_02_00_01_01//binary/armv7a/gcc/am335x/beaglebone/platform/Debug/libplatform.a(uart.o)
                0x800023f4                UART0ModuleClkConfig
 .text.UARTConsolePutc
                0x80002750       0x38 /home/eric/cmpt433/AM335X_StarterWare_02_00_01_01//binary/armv7a/gcc/am335x/beaglebone/platform/Debug/libplatform.a(uartConsole.o)
                0x80002750                UARTConsolePutc
 .text.WatchdogTimer1ModuleClkConfig
                0x80002788      0x248 /home/eric/cmpt433/AM335X_StarterWare_02_00_01_01//binary/armv7a/gcc/am335x/beaglebone/platform/Debug/libplatform.a(watchdog.o)
                0x80002788                WatchdogTimer1ModuleClkConfig
 .text.IntDefaultHandler
                0x800029d0       0x14 /home/eric/cmpt433/AM335X_StarterWare_02_00_01_01//binary/armv7a/gcc/am335x/system_config/Debug/libsystem_config.a(interrupt.o)
 .text.IntRegister
                0x800029e4       0x34 /home/eric/cmpt433/AM335X_StarterWare_02_00_01_01//binary/armv7a/gcc/am335x/system_config/Debug/libsystem_config.a(interrupt.o)
                0x800029e4                IntRegister
 .text.IntAINTCInit
                0x80002a18       0x90 /home/eric/cmpt433/AM335X_StarterWare_02_00_01_01//binary/armv7a/gcc/am335x/system_config/Debug/libsystem_config.a(interrupt.o)
                0x80002a18                IntAINTCInit
 .text.IntPrioritySet
                0x80002aa8       0x50 /home/eric/cmpt433/AM335X_StarterWare_02_00_01_01//binary/armv7a/gcc/am335x/system_config/Debug/libsystem_config.a(interrupt.o)
                0x80002aa8                IntPrioritySet
 .text.IntSystemEnable
                0x80002af8       0x4c /home/eric/cmpt433/AM335X_StarterWare_02_00_01_01//binary/armv7a/gcc/am335x/system_config/Debug/libsystem_config.a(interrupt.o)
                0x80002af8                IntSystemEnable
 .text.IntMasterIRQEnable
                0x80002b44       0x18 /home/eric/cmpt433/AM335X_StarterWare_02_00_01_01//binary/armv7a/gcc/am335x/system_config/Debug/libsystem_config.a(interrupt.o)
                0x80002b44                IntMasterIRQEnable
 .text.start_boot
                0x80002b5c       0x24 /home/eric/cmpt433/AM335X_StarterWare_02_00_01_01//binary/armv7a/gcc/am335x/system_config/Debug/libsystem_config.a(startup.o)
                0x80002b5c                start_boot
 .text.CopyVectorTable
                0x80002b80       0x98 /home/eric/cmpt433/AM335X_StarterWare_02_00_01_01//binary/armv7a/gcc/am335x/system_config/Debug/libsystem_config.a(startup.o)
 .text          0x80002c18      0x488 /home/eric/cmpt433/AM335X_StarterWare_02_00_01_01//binary/armv7a/gcc/am335x/system_config/Debug/libsystem_config.a(cp15.o)
                0x80002c18                CP15ICacheDisable
                0x80002c34                CP15DCacheDisable
                0x80002c50                CP15ICacheEnable
                0x80002c60                CP15DCacheEnable
                0x80002c70                CP15DCacheFlush
                0x80002d04                CP15DCacheClean
                0x80002d98                CP15DCacheCleanFlush
                0x80002e2c                CP15ICacheFlush
                0x80002e3c                CP15DCacheCleanBuff
                0x80002e90                CP15DCacheCleanFlushBuff
                0x80002ee4                CP15DCacheFlushBuff
                0x80002f48                CP15ICacheFlushBuff
                0x80002f9c                CP15Ttb0Set
                0x80002fa8                CP15TlbInvalidate
                0x80002fb4                CP15MMUDisable
                0x80002fcc                CP15MMUEnable
                0x80002fe0                CP15VectorBaseAddrSet
                0x80002fec                CP15BranchPredictorInvalidate
                0x80002ff8                CP15BranchPredictionEnable
                0x80003008                CP15BranchPredictionDisable
                0x80003018                CP15DomainAccessClientSet
                0x80003028                CP15ControlFeatureDisable
                0x8000303c                CP15ControlFeatureEnable
                0x80003050                CP15TtbCtlTtb0Config
                0x80003060                CP15AuxControlFeatureEnable
                0x80003074                CP15AuxControlFeatureDisable
                0x80003088                CP15MainIdPrimPartNumGet
 .text.CPUirqe  0x800030a0       0x24 /home/eric/cmpt433/AM335X_StarterWare_02_00_01_01//binary/armv7a/gcc/am335x/system_config/Debug/libsystem_config.a(cpu.o)
                0x800030a0                CPUirqe
 .text          0x800030c4       0xf0 /home/eric/cmpt433/AM335X_StarterWare_02_00_01_01//binary/armv7a/gcc/am335x/system_config/Debug/libsystem_config.a(exceptionhandler.o)
                0x800030c4                SVC_Handler
                0x800030ec                IRQHandler
                0x80003198                FIQHandler
                0x8000319c                UndefInstHandler
                0x8000319c                AbortHandler
 .text          0x800031b4      0x114 /home/eric/cmpt433/linaro-gcc/gcc-arm-none-eabi-4_7-2012q4/lib/gcc/arm-none-eabi/4.7.3//libgcc.a(_udivsi3.o)
                0x800031b4                __udivsi3
                0x800031b4                __aeabi_uidiv
                0x800032a8                __aeabi_uidivmod
 .text          0x800032c8      0x148 /home/eric/cmpt433/linaro-gcc/gcc-arm-none-eabi-4_7-2012q4/lib/gcc/arm-none-eabi/4.7.3//libgcc.a(_divsi3.o)
                0x800032c8                __aeabi_idiv
                0x800032c8                __divsi3
                0x800033f0                __aeabi_idivmod
 .text          0x80003410        0x4 /home/eric/cmpt433/linaro-gcc/gcc-arm-none-eabi-4_7-2012q4/lib/gcc/arm-none-eabi/4.7.3//libgcc.a(_dvmd_tls.o)
                0x80003410                __aeabi_ldiv0
                0x80003410                __aeabi_idiv0
 *(.rodata*)
 .rodata        0x80003414       0x54 Debug/main.o
 .rodata        0x80003468       0x50 /home/eric/cmpt433/AM335X_StarterWare_02_00_01_01//binary/armv7a/gcc/utils/Debug/libutils.a(consoleUtils.o)
 .rodata        0x800034b8       0x60 /home/eric/cmpt433/AM335X_StarterWare_02_00_01_01//binary/armv7a/gcc/utils/Debug/libutils.a(uartStdio.o)
 .rodata.g_pcHex
                0x80003518        0x4 /home/eric/cmpt433/AM335X_StarterWare_02_00_01_01//binary/armv7a/gcc/utils/Debug/libutils.a(uartStdio.o)
 .rodata.AM335X_VECTOR_BASE
                0x8000351c        0x4 /home/eric/cmpt433/AM335X_StarterWare_02_00_01_01//binary/armv7a/gcc/am335x/system_config/Debug/libsystem_config.a(startup.o)
                0x8000351c                AM335X_VECTOR_BASE
 .rodata.vecTbl
                0x80003520       0x38 /home/eric/cmpt433/AM335X_StarterWare_02_00_01_01//binary/armv7a/gcc/am335x/system_config/Debug/libsystem_config.a(startup.o)

.glue_7         0x80003558        0x0
 .glue_7        0x00000000        0x0 linker stubs

.glue_7t        0x80003558        0x0
 .glue_7t       0x00000000        0x0 linker stubs

.vfp11_veneer   0x80003558        0x0
 .vfp11_veneer  0x00000000        0x0 linker stubs

.v4_bx          0x80003558        0x0
 .v4_bx         0x00000000        0x0 linker stubs

.iplt           0x80003558        0x0
 .iplt          0x00000000        0x0 Debug/fakeTyper.o

.rel.dyn        0x80003558        0x0
 .rel.iplt      0x00000000        0x0 Debug/fakeTyper.o

.data           0x80003558       0xa0
                0x80003558                . = ALIGN (0x4)
 *(.data*)
 .data.__compound_literal.0
                0x80003558       0x30 Debug/main.o
 .data.__compound_literal.1
                0x80003588       0x40 Debug/main.o
 .data.__compound_literal.2
                0x800035c8       0x24 Debug/main.o
 .data.jokes    0x800035ec        0xc Debug/main.o

.igot.plt       0x800035f8        0x0
 .igot.plt      0x00000000        0x0 Debug/fakeTyper.o

.bss            0x800035f8      0x224
                0x800035f8                . = ALIGN (0x4)
                0x800035f8                _bss_start = .
 *(.bss*)
 .bss.s_isTimeToPrintChar
                0x800035f8        0x1 Debug/fakeTyper.o
 *fill*         0x800035f9        0x3 00
 .bss.s_message
                0x800035fc        0x4 Debug/fakeTyper.o
 .bss.s_curJoke
                0x80003600        0x4 Debug/main.o
 .bss.s_rxByte  0x80003604        0x1 Debug/main.o
 *fill*         0x80003605        0x3 00
 .bss.g_rxIsrCallback
                0x80003608        0x4 Debug/serial.o
 .bss.s_flagIsr
                0x8000360c        0x1 Debug/timer.o
 *fill*         0x8000360d        0x3 00
 .bss.s_isrCallback
                0x80003610        0x4 Debug/timer.o
 .bss.triggerCounter.4167
                0x80003614        0x4 Debug/wdtimer.o
 .bss.ConsoleType
                0x80003618        0x1 /home/eric/cmpt433/AM335X_StarterWare_02_00_01_01//binary/armv7a/gcc/utils/Debug/libutils.a(consoleUtils.o)
 *(COMMON)
 *fill*         0x80003619        0x3 00
 COMMON         0x8000361c      0x200 /home/eric/cmpt433/AM335X_StarterWare_02_00_01_01//binary/armv7a/gcc/am335x/system_config/Debug/libsystem_config.a(interrupt.o)
                0x8000361c                fnRAMVectors
                0x8000381c                _bss_end = .

.heap           0x8000381c      0x800
                0x8000381c                . = ALIGN (0x4)
                0x8000381c                __end__ = .
                0x8000381c                end = __end__
                0x8000381c                __HeapBase = __end__
 *(.heap*)
                0x8000401c                . = (. + 0x800)
 *fill*         0x8000381c      0x800 00
                0x8000401c                __HeapLimit = .

.stack          0x8000401c  0x7fffff8
                0x8000401c                . = ALIGN (0x4)
                0x8000401c                __StackLimit = .
 *(.stack*)
                0x88004014                . = (. + 0x7fffff8)
 *fill*         0x8000401c  0x7fffff8 00
                0x88004014                __StackTop = .
                0x88004014                _stack = __StackTop
OUTPUT(Debug/fakeTyper.out elf32-littlearm)

.debug_info     0x00000000     0x38cc
 .debug_info    0x00000000       0xd5 Debug/fakeTyper.o
 .debug_info    0x000000d5      0x12e Debug/main.o
 .debug_info    0x00000203      0x180 Debug/serial.o
 .debug_info    0x00000383      0x15b Debug/timer.o
 .debug_info    0x000004de       0x7d Debug/wdtimer.o
 .debug_info    0x0000055b      0x5d0 /home/eric/cmpt433/AM335X_StarterWare_02_00_01_01//binary/armv7a/gcc/am335x/drivers/Debug/libdrivers.a(dmtimer.o)
 .debug_info    0x00000b2b     0x14ab /home/eric/cmpt433/AM335X_StarterWare_02_00_01_01//binary/armv7a/gcc/am335x/drivers/Debug/libdrivers.a(uart_irda_cir.o)
 .debug_info    0x00001fd6      0x45c /home/eric/cmpt433/AM335X_StarterWare_02_00_01_01//binary/armv7a/gcc/am335x/drivers/Debug/libdrivers.a(watchdog.o)
 .debug_info    0x00002432      0x29a /home/eric/cmpt433/AM335X_StarterWare_02_00_01_01//binary/armv7a/gcc/utils/Debug/libutils.a(consoleUtils.o)
 .debug_info    0x000026cc      0x69a /home/eric/cmpt433/AM335X_StarterWare_02_00_01_01//binary/armv7a/gcc/utils/Debug/libutils.a(uartStdio.o)
 .debug_info    0x00002d66       0xd3 /home/eric/cmpt433/AM335X_StarterWare_02_00_01_01//binary/armv7a/gcc/am335x/beaglebone/platform/Debug/libplatform.a(dmtimer.o)
 .debug_info    0x00002e39       0x7e /home/eric/cmpt433/AM335X_StarterWare_02_00_01_01//binary/armv7a/gcc/am335x/beaglebone/platform/Debug/libplatform.a(uart.o)
 .debug_info    0x00002eb7      0x156 /home/eric/cmpt433/AM335X_StarterWare_02_00_01_01//binary/armv7a/gcc/am335x/beaglebone/platform/Debug/libplatform.a(uartConsole.o)
 .debug_info    0x0000300d       0x55 /home/eric/cmpt433/AM335X_StarterWare_02_00_01_01//binary/armv7a/gcc/am335x/beaglebone/platform/Debug/libplatform.a(watchdog.o)
 .debug_info    0x00003062       0xb0 /home/eric/cmpt433/AM335X_StarterWare_02_00_01_01//binary/armv7a/gcc/am335x/system_config/Debug/libsystem_config.a(init.o)
 .debug_info    0x00003112      0x46f /home/eric/cmpt433/AM335X_StarterWare_02_00_01_01//binary/armv7a/gcc/am335x/system_config/Debug/libsystem_config.a(interrupt.o)
 .debug_info    0x00003581       0xe0 /home/eric/cmpt433/AM335X_StarterWare_02_00_01_01//binary/armv7a/gcc/am335x/system_config/Debug/libsystem_config.a(startup.o)
 .debug_info    0x00003661       0xb0 /home/eric/cmpt433/AM335X_StarterWare_02_00_01_01//binary/armv7a/gcc/am335x/system_config/Debug/libsystem_config.a(cp15.o)
 .debug_info    0x00003711       0xf8 /home/eric/cmpt433/AM335X_StarterWare_02_00_01_01//binary/armv7a/gcc/am335x/system_config/Debug/libsystem_config.a(cpu.o)
 .debug_info    0x00003809       0xc3 /home/eric/cmpt433/AM335X_StarterWare_02_00_01_01//binary/armv7a/gcc/am335x/system_config/Debug/libsystem_config.a(exceptionhandler.o)

.debug_abbrev   0x00000000      0xe9f
 .debug_abbrev  0x00000000       0xa0 Debug/fakeTyper.o
 .debug_abbrev  0x000000a0       0xc1 Debug/main.o
 .debug_abbrev  0x00000161       0xf1 Debug/serial.o
 .debug_abbrev  0x00000252       0xdb Debug/timer.o
 .debug_abbrev  0x0000032d       0x60 Debug/wdtimer.o
 .debug_abbrev  0x0000038d      0x122 /home/eric/cmpt433/AM335X_StarterWare_02_00_01_01//binary/armv7a/gcc/am335x/drivers/Debug/libdrivers.a(dmtimer.o)
 .debug_abbrev  0x000004af      0x14e /home/eric/cmpt433/AM335X_StarterWare_02_00_01_01//binary/armv7a/gcc/am335x/drivers/Debug/libdrivers.a(uart_irda_cir.o)
 .debug_abbrev  0x000005fd      0x108 /home/eric/cmpt433/AM335X_StarterWare_02_00_01_01//binary/armv7a/gcc/am335x/drivers/Debug/libdrivers.a(watchdog.o)
 .debug_abbrev  0x00000705      0x156 /home/eric/cmpt433/AM335X_StarterWare_02_00_01_01//binary/armv7a/gcc/utils/Debug/libutils.a(consoleUtils.o)
 .debug_abbrev  0x0000085b      0x186 /home/eric/cmpt433/AM335X_StarterWare_02_00_01_01//binary/armv7a/gcc/utils/Debug/libutils.a(uartStdio.o)
 .debug_abbrev  0x000009e1       0x7a /home/eric/cmpt433/AM335X_StarterWare_02_00_01_01//binary/armv7a/gcc/am335x/beaglebone/platform/Debug/libplatform.a(dmtimer.o)
 .debug_abbrev  0x00000a5b       0x62 /home/eric/cmpt433/AM335X_StarterWare_02_00_01_01//binary/armv7a/gcc/am335x/beaglebone/platform/Debug/libplatform.a(uart.o)
 .debug_abbrev  0x00000abd       0xa3 /home/eric/cmpt433/AM335X_StarterWare_02_00_01_01//binary/armv7a/gcc/am335x/beaglebone/platform/Debug/libplatform.a(uartConsole.o)
 .debug_abbrev  0x00000b60       0x39 /home/eric/cmpt433/AM335X_StarterWare_02_00_01_01//binary/armv7a/gcc/am335x/beaglebone/platform/Debug/libplatform.a(watchdog.o)
 .debug_abbrev  0x00000b99       0x14 /home/eric/cmpt433/AM335X_StarterWare_02_00_01_01//binary/armv7a/gcc/am335x/system_config/Debug/libsystem_config.a(init.o)
 .debug_abbrev  0x00000bad      0x1c2 /home/eric/cmpt433/AM335X_StarterWare_02_00_01_01//binary/armv7a/gcc/am335x/system_config/Debug/libsystem_config.a(interrupt.o)
 .debug_abbrev  0x00000d6f       0xa4 /home/eric/cmpt433/AM335X_StarterWare_02_00_01_01//binary/armv7a/gcc/am335x/system_config/Debug/libsystem_config.a(startup.o)
 .debug_abbrev  0x00000e13       0x14 /home/eric/cmpt433/AM335X_StarterWare_02_00_01_01//binary/armv7a/gcc/am335x/system_config/Debug/libsystem_config.a(cp15.o)
 .debug_abbrev  0x00000e27       0x64 /home/eric/cmpt433/AM335X_StarterWare_02_00_01_01//binary/armv7a/gcc/am335x/system_config/Debug/libsystem_config.a(cpu.o)
 .debug_abbrev  0x00000e8b       0x14 /home/eric/cmpt433/AM335X_StarterWare_02_00_01_01//binary/armv7a/gcc/am335x/system_config/Debug/libsystem_config.a(exceptionhandler.o)

.debug_loc      0x00000000     0x25f4
 .debug_loc     0x00000000       0xb0 Debug/fakeTyper.o
 .debug_loc     0x000000b0       0x84 Debug/main.o
 .debug_loc     0x00000134       0xdc Debug/serial.o
 .debug_loc     0x00000210      0x134 Debug/timer.o
 .debug_loc     0x00000344       0x58 Debug/wdtimer.o
 .debug_loc     0x0000039c      0x478 /home/eric/cmpt433/AM335X_StarterWare_02_00_01_01//binary/armv7a/gcc/am335x/drivers/Debug/libdrivers.a(dmtimer.o)
 .debug_loc     0x00000814      0xcb8 /home/eric/cmpt433/AM335X_StarterWare_02_00_01_01//binary/armv7a/gcc/am335x/drivers/Debug/libdrivers.a(uart_irda_cir.o)
 .debug_loc     0x000014cc      0x39c /home/eric/cmpt433/AM335X_StarterWare_02_00_01_01//binary/armv7a/gcc/am335x/drivers/Debug/libdrivers.a(watchdog.o)
 .debug_loc     0x00001868      0x178 /home/eric/cmpt433/AM335X_StarterWare_02_00_01_01//binary/armv7a/gcc/utils/Debug/libutils.a(consoleUtils.o)
 .debug_loc     0x000019e0      0x274 /home/eric/cmpt433/AM335X_StarterWare_02_00_01_01//binary/armv7a/gcc/utils/Debug/libutils.a(uartStdio.o)
 .debug_loc     0x00001c54      0x108 /home/eric/cmpt433/AM335X_StarterWare_02_00_01_01//binary/armv7a/gcc/am335x/beaglebone/platform/Debug/libplatform.a(dmtimer.o)
 .debug_loc     0x00001d5c       0x58 /home/eric/cmpt433/AM335X_StarterWare_02_00_01_01//binary/armv7a/gcc/am335x/beaglebone/platform/Debug/libplatform.a(uart.o)
 .debug_loc     0x00001db4      0x108 /home/eric/cmpt433/AM335X_StarterWare_02_00_01_01//binary/armv7a/gcc/am335x/beaglebone/platform/Debug/libplatform.a(uartConsole.o)
 .debug_loc     0x00001ebc       0x2c /home/eric/cmpt433/AM335X_StarterWare_02_00_01_01//binary/armv7a/gcc/am335x/beaglebone/platform/Debug/libplatform.a(watchdog.o)
 .debug_loc     0x00001ee8      0x554 /home/eric/cmpt433/AM335X_StarterWare_02_00_01_01//binary/armv7a/gcc/am335x/system_config/Debug/libsystem_config.a(interrupt.o)
 .debug_loc     0x0000243c       0x58 /home/eric/cmpt433/AM335X_StarterWare_02_00_01_01//binary/armv7a/gcc/am335x/system_config/Debug/libsystem_config.a(startup.o)
 .debug_loc     0x00002494      0x160 /home/eric/cmpt433/AM335X_StarterWare_02_00_01_01//binary/armv7a/gcc/am335x/system_config/Debug/libsystem_config.a(cpu.o)

.debug_aranges  0x00000000      0x8d8
 .debug_aranges
                0x00000000       0x38 Debug/fakeTyper.o
 .debug_aranges
                0x00000038       0x30 Debug/main.o
 .debug_aranges
                0x00000068       0x40 Debug/serial.o
 .debug_aranges
                0x000000a8       0x50 Debug/timer.o
 .debug_aranges
                0x000000f8       0x28 Debug/wdtimer.o
 .debug_aranges
                0x00000120       0xe8 /home/eric/cmpt433/AM335X_StarterWare_02_00_01_01//binary/armv7a/gcc/am335x/drivers/Debug/libdrivers.a(dmtimer.o)
 .debug_aranges
                0x00000208      0x268 /home/eric/cmpt433/AM335X_StarterWare_02_00_01_01//binary/armv7a/gcc/am335x/drivers/Debug/libdrivers.a(uart_irda_cir.o)
 .debug_aranges
                0x00000470       0xc0 /home/eric/cmpt433/AM335X_StarterWare_02_00_01_01//binary/armv7a/gcc/am335x/drivers/Debug/libdrivers.a(watchdog.o)
 .debug_aranges
                0x00000530       0x58 /home/eric/cmpt433/AM335X_StarterWare_02_00_01_01//binary/armv7a/gcc/utils/Debug/libutils.a(consoleUtils.o)
 .debug_aranges
                0x00000588       0x88 /home/eric/cmpt433/AM335X_StarterWare_02_00_01_01//binary/armv7a/gcc/utils/Debug/libutils.a(uartStdio.o)
 .debug_aranges
                0x00000610       0x48 /home/eric/cmpt433/AM335X_StarterWare_02_00_01_01//binary/armv7a/gcc/am335x/beaglebone/platform/Debug/libplatform.a(dmtimer.o)
 .debug_aranges
                0x00000658       0x28 /home/eric/cmpt433/AM335X_StarterWare_02_00_01_01//binary/armv7a/gcc/am335x/beaglebone/platform/Debug/libplatform.a(uart.o)
 .debug_aranges
                0x00000680       0x48 /home/eric/cmpt433/AM335X_StarterWare_02_00_01_01//binary/armv7a/gcc/am335x/beaglebone/platform/Debug/libplatform.a(uartConsole.o)
 .debug_aranges
                0x000006c8       0x20 /home/eric/cmpt433/AM335X_StarterWare_02_00_01_01//binary/armv7a/gcc/am335x/beaglebone/platform/Debug/libplatform.a(watchdog.o)
 .debug_aranges
                0x000006e8       0x20 /home/eric/cmpt433/AM335X_StarterWare_02_00_01_01//binary/armv7a/gcc/am335x/system_config/Debug/libsystem_config.a(init.o)
 .debug_aranges
                0x00000708      0x110 /home/eric/cmpt433/AM335X_StarterWare_02_00_01_01//binary/armv7a/gcc/am335x/system_config/Debug/libsystem_config.a(interrupt.o)
 .debug_aranges
                0x00000818       0x28 /home/eric/cmpt433/AM335X_StarterWare_02_00_01_01//binary/armv7a/gcc/am335x/system_config/Debug/libsystem_config.a(startup.o)
 .debug_aranges
                0x00000840       0x20 /home/eric/cmpt433/AM335X_StarterWare_02_00_01_01//binary/armv7a/gcc/am335x/system_config/Debug/libsystem_config.a(cp15.o)
 .debug_aranges
                0x00000860       0x58 /home/eric/cmpt433/AM335X_StarterWare_02_00_01_01//binary/armv7a/gcc/am335x/system_config/Debug/libsystem_config.a(cpu.o)
 .debug_aranges
                0x000008b8       0x20 /home/eric/cmpt433/AM335X_StarterWare_02_00_01_01//binary/armv7a/gcc/am335x/system_config/Debug/libsystem_config.a(exceptionhandler.o)

.debug_ranges   0x00000000      0x768
 .debug_ranges  0x00000000       0x28 Debug/fakeTyper.o
 .debug_ranges  0x00000028       0x20 Debug/main.o
 .debug_ranges  0x00000048       0x30 Debug/serial.o
 .debug_ranges  0x00000078       0x40 Debug/timer.o
 .debug_ranges  0x000000b8       0x18 Debug/wdtimer.o
 .debug_ranges  0x000000d0       0xd8 /home/eric/cmpt433/AM335X_StarterWare_02_00_01_01//binary/armv7a/gcc/am335x/drivers/Debug/libdrivers.a(dmtimer.o)
 .debug_ranges  0x000001a8      0x258 /home/eric/cmpt433/AM335X_StarterWare_02_00_01_01//binary/armv7a/gcc/am335x/drivers/Debug/libdrivers.a(uart_irda_cir.o)
 .debug_ranges  0x00000400       0xb0 /home/eric/cmpt433/AM335X_StarterWare_02_00_01_01//binary/armv7a/gcc/am335x/drivers/Debug/libdrivers.a(watchdog.o)
 .debug_ranges  0x000004b0       0x48 /home/eric/cmpt433/AM335X_StarterWare_02_00_01_01//binary/armv7a/gcc/utils/Debug/libutils.a(consoleUtils.o)
 .debug_ranges  0x000004f8       0x78 /home/eric/cmpt433/AM335X_StarterWare_02_00_01_01//binary/armv7a/gcc/utils/Debug/libutils.a(uartStdio.o)
 .debug_ranges  0x00000570       0x38 /home/eric/cmpt433/AM335X_StarterWare_02_00_01_01//binary/armv7a/gcc/am335x/beaglebone/platform/Debug/libplatform.a(dmtimer.o)
 .debug_ranges  0x000005a8       0x18 /home/eric/cmpt433/AM335X_StarterWare_02_00_01_01//binary/armv7a/gcc/am335x/beaglebone/platform/Debug/libplatform.a(uart.o)
 .debug_ranges  0x000005c0       0x38 /home/eric/cmpt433/AM335X_StarterWare_02_00_01_01//binary/armv7a/gcc/am335x/beaglebone/platform/Debug/libplatform.a(uartConsole.o)
 .debug_ranges  0x000005f8       0x10 /home/eric/cmpt433/AM335X_StarterWare_02_00_01_01//binary/armv7a/gcc/am335x/beaglebone/platform/Debug/libplatform.a(watchdog.o)
 .debug_ranges  0x00000608      0x100 /home/eric/cmpt433/AM335X_StarterWare_02_00_01_01//binary/armv7a/gcc/am335x/system_config/Debug/libsystem_config.a(interrupt.o)
 .debug_ranges  0x00000708       0x18 /home/eric/cmpt433/AM335X_StarterWare_02_00_01_01//binary/armv7a/gcc/am335x/system_config/Debug/libsystem_config.a(startup.o)
 .debug_ranges  0x00000720       0x48 /home/eric/cmpt433/AM335X_StarterWare_02_00_01_01//binary/armv7a/gcc/am335x/system_config/Debug/libsystem_config.a(cpu.o)

.debug_line     0x00000000     0x256a
 .debug_line    0x00000000       0x7d Debug/fakeTyper.o
 .debug_line    0x0000007d      0x102 Debug/main.o
 .debug_line    0x0000017f      0x17a Debug/serial.o
 .debug_line    0x000002f9       0xb4 Debug/timer.o
 .debug_line    0x000003ad       0x56 Debug/wdtimer.o
 .debug_line    0x00000403      0x2f7 /home/eric/cmpt433/AM335X_StarterWare_02_00_01_01//binary/armv7a/gcc/am335x/drivers/Debug/libdrivers.a(dmtimer.o)
 .debug_line    0x000006fa      0x741 /home/eric/cmpt433/AM335X_StarterWare_02_00_01_01//binary/armv7a/gcc/am335x/drivers/Debug/libdrivers.a(uart_irda_cir.o)
 .debug_line    0x00000e3b      0x221 /home/eric/cmpt433/AM335X_StarterWare_02_00_01_01//binary/armv7a/gcc/am335x/drivers/Debug/libdrivers.a(watchdog.o)
 .debug_line    0x0000105c      0x1aa /home/eric/cmpt433/AM335X_StarterWare_02_00_01_01//binary/armv7a/gcc/utils/Debug/libutils.a(consoleUtils.o)
 .debug_line    0x00001206      0x641 /home/eric/cmpt433/AM335X_StarterWare_02_00_01_01//binary/armv7a/gcc/utils/Debug/libutils.a(uartStdio.o)
 .debug_line    0x00001847      0x304 /home/eric/cmpt433/AM335X_StarterWare_02_00_01_01//binary/armv7a/gcc/am335x/beaglebone/platform/Debug/libplatform.a(dmtimer.o)
 .debug_line    0x00001b4b      0x16a /home/eric/cmpt433/AM335X_StarterWare_02_00_01_01//binary/armv7a/gcc/am335x/beaglebone/platform/Debug/libplatform.a(uart.o)
 .debug_line    0x00001cb5       0xd2 /home/eric/cmpt433/AM335X_StarterWare_02_00_01_01//binary/armv7a/gcc/am335x/beaglebone/platform/Debug/libplatform.a(uartConsole.o)
 .debug_line    0x00001d87       0xdc /home/eric/cmpt433/AM335X_StarterWare_02_00_01_01//binary/armv7a/gcc/am335x/beaglebone/platform/Debug/libplatform.a(watchdog.o)
 .debug_line    0x00001e63       0x95 /home/eric/cmpt433/AM335X_StarterWare_02_00_01_01//binary/armv7a/gcc/am335x/system_config/Debug/libsystem_config.a(init.o)
 .debug_line    0x00001ef8      0x2bb /home/eric/cmpt433/AM335X_StarterWare_02_00_01_01//binary/armv7a/gcc/am335x/system_config/Debug/libsystem_config.a(interrupt.o)
 .debug_line    0x000021b3       0x96 /home/eric/cmpt433/AM335X_StarterWare_02_00_01_01//binary/armv7a/gcc/am335x/system_config/Debug/libsystem_config.a(startup.o)
 .debug_line    0x00002249      0x18a /home/eric/cmpt433/AM335X_StarterWare_02_00_01_01//binary/armv7a/gcc/am335x/system_config/Debug/libsystem_config.a(cp15.o)
 .debug_line    0x000023d3       0xde /home/eric/cmpt433/AM335X_StarterWare_02_00_01_01//binary/armv7a/gcc/am335x/system_config/Debug/libsystem_config.a(cpu.o)
 .debug_line    0x000024b1       0xb9 /home/eric/cmpt433/AM335X_StarterWare_02_00_01_01//binary/armv7a/gcc/am335x/system_config/Debug/libsystem_config.a(exceptionhandler.o)

.debug_str      0x00000000     0x1ae8
 .debug_str     0x00000000       0xfc Debug/fakeTyper.o
                                0x101 (size before relaxing)
 .debug_str     0x000000fc       0xb4 Debug/main.o
                                0x159 (size before relaxing)
 .debug_str     0x000001b0       0xbe Debug/serial.o
                                0x1cd (size before relaxing)
 .debug_str     0x0000026e       0x9c Debug/timer.o
                                0x1a0 (size before relaxing)
 .debug_str     0x0000030a       0x37 Debug/wdtimer.o
                                 0xc0 (size before relaxing)
 .debug_str     0x00000341      0x313 /home/eric/cmpt433/AM335X_StarterWare_02_00_01_01//binary/armv7a/gcc/am335x/drivers/Debug/libdrivers.a(dmtimer.o)
                                0x377 (size before relaxing)
 .debug_str     0x00000654      0x899 /home/eric/cmpt433/AM335X_StarterWare_02_00_01_01//binary/armv7a/gcc/am335x/drivers/Debug/libdrivers.a(uart_irda_cir.o)
                                0x970 (size before relaxing)
 .debug_str     0x00000eed      0x268 /home/eric/cmpt433/AM335X_StarterWare_02_00_01_01//binary/armv7a/gcc/am335x/drivers/Debug/libdrivers.a(watchdog.o)
                                0x32f (size before relaxing)
 .debug_str     0x00001155      0x167 /home/eric/cmpt433/AM335X_StarterWare_02_00_01_01//binary/armv7a/gcc/utils/Debug/libutils.a(consoleUtils.o)
                                0x290 (size before relaxing)
 .debug_str     0x000012bc      0x1a7 /home/eric/cmpt433/AM335X_StarterWare_02_00_01_01//binary/armv7a/gcc/utils/Debug/libutils.a(uartStdio.o)
                                0x2ad (size before relaxing)
 .debug_str     0x00001463      0x12b /home/eric/cmpt433/AM335X_StarterWare_02_00_01_01//binary/armv7a/gcc/am335x/beaglebone/platform/Debug/libplatform.a(dmtimer.o)
                                0x18f (size before relaxing)
 .debug_str     0x0000158e       0x5f /home/eric/cmpt433/AM335X_StarterWare_02_00_01_01//binary/armv7a/gcc/am335x/beaglebone/platform/Debug/libplatform.a(uart.o)
                                0x12a (size before relaxing)
 .debug_str     0x000015ed       0xa8 /home/eric/cmpt433/AM335X_StarterWare_02_00_01_01//binary/armv7a/gcc/am335x/beaglebone/platform/Debug/libplatform.a(uartConsole.o)
                                0x1a4 (size before relaxing)
 .debug_str     0x00001695       0x50 /home/eric/cmpt433/AM335X_StarterWare_02_00_01_01//binary/armv7a/gcc/am335x/beaglebone/platform/Debug/libplatform.a(watchdog.o)
                                0x11b (size before relaxing)
 .debug_str     0x000016e5      0x2f4 /home/eric/cmpt433/AM335X_StarterWare_02_00_01_01//binary/armv7a/gcc/am335x/system_config/Debug/libsystem_config.a(interrupt.o)
                                0x386 (size before relaxing)
 .debug_str     0x000019d9       0x70 /home/eric/cmpt433/AM335X_StarterWare_02_00_01_01//binary/armv7a/gcc/am335x/system_config/Debug/libsystem_config.a(startup.o)
                                0x13b (size before relaxing)
 .debug_str     0x00001a49       0x9f /home/eric/cmpt433/AM335X_StarterWare_02_00_01_01//binary/armv7a/gcc/am335x/system_config/Debug/libsystem_config.a(cpu.o)
                                0x14d (size before relaxing)

.comment        0x00000000       0x70
 .comment       0x00000000       0x70 Debug/fakeTyper.o
                                 0x71 (size before relaxing)
 .comment       0x00000000       0x71 Debug/main.o
 .comment       0x00000000       0x71 Debug/serial.o
 .comment       0x00000000       0x71 Debug/timer.o
 .comment       0x00000000       0x71 Debug/wdtimer.o
 .comment       0x00000000       0x71 /home/eric/cmpt433/AM335X_StarterWare_02_00_01_01//binary/armv7a/gcc/am335x/drivers/Debug/libdrivers.a(dmtimer.o)
 .comment       0x00000000       0x71 /home/eric/cmpt433/AM335X_StarterWare_02_00_01_01//binary/armv7a/gcc/am335x/drivers/Debug/libdrivers.a(uart_irda_cir.o)
 .comment       0x00000000       0x71 /home/eric/cmpt433/AM335X_StarterWare_02_00_01_01//binary/armv7a/gcc/am335x/drivers/Debug/libdrivers.a(watchdog.o)
 .comment       0x00000000       0x71 /home/eric/cmpt433/AM335X_StarterWare_02_00_01_01//binary/armv7a/gcc/utils/Debug/libutils.a(consoleUtils.o)
 .comment       0x00000000       0x71 /home/eric/cmpt433/AM335X_StarterWare_02_00_01_01//binary/armv7a/gcc/utils/Debug/libutils.a(uartStdio.o)
 .comment       0x00000000       0x71 /home/eric/cmpt433/AM335X_StarterWare_02_00_01_01//binary/armv7a/gcc/am335x/beaglebone/platform/Debug/libplatform.a(dmtimer.o)
 .comment       0x00000000       0x71 /home/eric/cmpt433/AM335X_StarterWare_02_00_01_01//binary/armv7a/gcc/am335x/beaglebone/platform/Debug/libplatform.a(uart.o)
 .comment       0x00000000       0x71 /home/eric/cmpt433/AM335X_StarterWare_02_00_01_01//binary/armv7a/gcc/am335x/beaglebone/platform/Debug/libplatform.a(uartConsole.o)
 .comment       0x00000000       0x71 /home/eric/cmpt433/AM335X_StarterWare_02_00_01_01//binary/armv7a/gcc/am335x/beaglebone/platform/Debug/libplatform.a(watchdog.o)
 .comment       0x00000000       0x71 /home/eric/cmpt433/AM335X_StarterWare_02_00_01_01//binary/armv7a/gcc/am335x/system_config/Debug/libsystem_config.a(interrupt.o)
 .comment       0x00000000       0x71 /home/eric/cmpt433/AM335X_StarterWare_02_00_01_01//binary/armv7a/gcc/am335x/system_config/Debug/libsystem_config.a(startup.o)
 .comment       0x00000000       0x71 /home/eric/cmpt433/AM335X_StarterWare_02_00_01_01//binary/armv7a/gcc/am335x/system_config/Debug/libsystem_config.a(cpu.o)

.ARM.attributes
                0x00000000       0x3b
 .ARM.attributes
                0x00000000       0x37 Debug/fakeTyper.o
 .ARM.attributes
                0x00000037       0x37 Debug/main.o
 .ARM.attributes
                0x0000006e       0x37 Debug/serial.o
 .ARM.attributes
                0x000000a5       0x37 Debug/timer.o
 .ARM.attributes
                0x000000dc       0x37 Debug/wdtimer.o
 .ARM.attributes
                0x00000113       0x37 /home/eric/cmpt433/AM335X_StarterWare_02_00_01_01//binary/armv7a/gcc/am335x/drivers/Debug/libdrivers.a(dmtimer.o)
 .ARM.attributes
                0x0000014a       0x37 /home/eric/cmpt433/AM335X_StarterWare_02_00_01_01//binary/armv7a/gcc/am335x/drivers/Debug/libdrivers.a(uart_irda_cir.o)
 .ARM.attributes
                0x00000181       0x37 /home/eric/cmpt433/AM335X_StarterWare_02_00_01_01//binary/armv7a/gcc/am335x/drivers/Debug/libdrivers.a(watchdog.o)
 .ARM.attributes
                0x000001b8       0x37 /home/eric/cmpt433/AM335X_StarterWare_02_00_01_01//binary/armv7a/gcc/utils/Debug/libutils.a(consoleUtils.o)
 .ARM.attributes
                0x000001ef       0x37 /home/eric/cmpt433/AM335X_StarterWare_02_00_01_01//binary/armv7a/gcc/utils/Debug/libutils.a(uartStdio.o)
 .ARM.attributes
                0x00000226       0x37 /home/eric/cmpt433/AM335X_StarterWare_02_00_01_01//binary/armv7a/gcc/am335x/beaglebone/platform/Debug/libplatform.a(dmtimer.o)
 .ARM.attributes
                0x0000025d       0x37 /home/eric/cmpt433/AM335X_StarterWare_02_00_01_01//binary/armv7a/gcc/am335x/beaglebone/platform/Debug/libplatform.a(uart.o)
 .ARM.attributes
                0x00000294       0x37 /home/eric/cmpt433/AM335X_StarterWare_02_00_01_01//binary/armv7a/gcc/am335x/beaglebone/platform/Debug/libplatform.a(uartConsole.o)
 .ARM.attributes
                0x000002cb       0x37 /home/eric/cmpt433/AM335X_StarterWare_02_00_01_01//binary/armv7a/gcc/am335x/beaglebone/platform/Debug/libplatform.a(watchdog.o)
 .ARM.attributes
                0x00000302       0x23 /home/eric/cmpt433/AM335X_StarterWare_02_00_01_01//binary/armv7a/gcc/am335x/system_config/Debug/libsystem_config.a(init.o)
 .ARM.attributes
                0x00000325       0x3d /home/eric/cmpt433/AM335X_StarterWare_02_00_01_01//binary/armv7a/gcc/am335x/system_config/Debug/libsystem_config.a(interrupt.o)
 .ARM.attributes
                0x00000362       0x3d /home/eric/cmpt433/AM335X_StarterWare_02_00_01_01//binary/armv7a/gcc/am335x/system_config/Debug/libsystem_config.a(startup.o)
 .ARM.attributes
                0x0000039f       0x23 /home/eric/cmpt433/AM335X_StarterWare_02_00_01_01//binary/armv7a/gcc/am335x/system_config/Debug/libsystem_config.a(cp15.o)
 .ARM.attributes
                0x000003c2       0x3d /home/eric/cmpt433/AM335X_StarterWare_02_00_01_01//binary/armv7a/gcc/am335x/system_config/Debug/libsystem_config.a(cpu.o)
 .ARM.attributes
                0x000003ff       0x23 /home/eric/cmpt433/AM335X_StarterWare_02_00_01_01//binary/armv7a/gcc/am335x/system_config/Debug/libsystem_config.a(exceptionhandler.o)
 .ARM.attributes
                0x00000422       0x18 /home/eric/cmpt433/linaro-gcc/gcc-arm-none-eabi-4_7-2012q4/lib/gcc/arm-none-eabi/4.7.3//libgcc.a(_udivsi3.o)
 .ARM.attributes
                0x0000043a       0x18 /home/eric/cmpt433/linaro-gcc/gcc-arm-none-eabi-4_7-2012q4/lib/gcc/arm-none-eabi/4.7.3//libgcc.a(_divsi3.o)
 .ARM.attributes
                0x00000452       0x18 /home/eric/cmpt433/linaro-gcc/gcc-arm-none-eabi-4_7-2012q4/lib/gcc/arm-none-eabi/4.7.3//libgcc.a(_dvmd_tls.o)

.debug_frame    0x00000000     0x17b0
 .debug_frame   0x00000000       0x74 Debug/fakeTyper.o
 .debug_frame   0x00000074       0x60 Debug/main.o
 .debug_frame   0x000000d4       0x98 Debug/serial.o
 .debug_frame   0x0000016c       0xc8 Debug/timer.o
 .debug_frame   0x00000234       0x48 Debug/wdtimer.o
 .debug_frame   0x0000027c      0x2b4 /home/eric/cmpt433/AM335X_StarterWare_02_00_01_01//binary/armv7a/gcc/am335x/drivers/Debug/libdrivers.a(dmtimer.o)
 .debug_frame   0x00000530      0x778 /home/eric/cmpt433/AM335X_StarterWare_02_00_01_01//binary/armv7a/gcc/am335x/drivers/Debug/libdrivers.a(uart_irda_cir.o)
 .debug_frame   0x00000ca8      0x228 /home/eric/cmpt433/AM335X_StarterWare_02_00_01_01//binary/armv7a/gcc/am335x/drivers/Debug/libdrivers.a(watchdog.o)
 .debug_frame   0x00000ed0      0x108 /home/eric/cmpt433/AM335X_StarterWare_02_00_01_01//binary/armv7a/gcc/utils/Debug/libutils.a(consoleUtils.o)
 .debug_frame   0x00000fd8      0x1a8 /home/eric/cmpt433/AM335X_StarterWare_02_00_01_01//binary/armv7a/gcc/utils/Debug/libutils.a(uartStdio.o)
 .debug_frame   0x00001180       0xa0 /home/eric/cmpt433/AM335X_StarterWare_02_00_01_01//binary/armv7a/gcc/am335x/beaglebone/platform/Debug/libplatform.a(dmtimer.o)
 .debug_frame   0x00001220       0x40 /home/eric/cmpt433/AM335X_StarterWare_02_00_01_01//binary/armv7a/gcc/am335x/beaglebone/platform/Debug/libplatform.a(uart.o)
 .debug_frame   0x00001260       0xb8 /home/eric/cmpt433/AM335X_StarterWare_02_00_01_01//binary/armv7a/gcc/am335x/beaglebone/platform/Debug/libplatform.a(uartConsole.o)
 .debug_frame   0x00001318       0x28 /home/eric/cmpt433/AM335X_StarterWare_02_00_01_01//binary/armv7a/gcc/am335x/beaglebone/platform/Debug/libplatform.a(watchdog.o)
 .debug_frame   0x00001340      0x314 /home/eric/cmpt433/AM335X_StarterWare_02_00_01_01//binary/armv7a/gcc/am335x/system_config/Debug/libsystem_config.a(interrupt.o)
 .debug_frame   0x00001654       0x48 /home/eric/cmpt433/AM335X_StarterWare_02_00_01_01//binary/armv7a/gcc/am335x/system_config/Debug/libsystem_config.a(startup.o)
 .debug_frame   0x0000169c       0xd4 /home/eric/cmpt433/AM335X_StarterWare_02_00_01_01//binary/armv7a/gcc/am335x/system_config/Debug/libsystem_config.a(cpu.o)
 .debug_frame   0x00001770       0x20 /home/eric/cmpt433/linaro-gcc/gcc-arm-none-eabi-4_7-2012q4/lib/gcc/arm-none-eabi/4.7.3//libgcc.a(_udivsi3.o)
 .debug_frame   0x00001790       0x20 /home/eric/cmpt433/linaro-gcc/gcc-arm-none-eabi-4_7-2012q4/lib/gcc/arm-none-eabi/4.7.3//libgcc.a(_divsi3.o)
